Archive member included to satisfy reference by file (symbol)

/opt/Atollic_TrueSTUDIO_for_STM32_x86_64_9.3.0/ARMTools/bin/../lib/gcc/arm-atollic-eabi/6.3.1/../../../../arm-atollic-eabi/lib/armv7-m/libc_nano.a(lib_a-init.o)
                              src/startup_stm32f10x_md_vl.o (__libc_init_array)
/opt/Atollic_TrueSTUDIO_for_STM32_x86_64_9.3.0/ARMTools/bin/../lib/gcc/arm-atollic-eabi/6.3.1/../../../../arm-atollic-eabi/lib/armv7-m/libc_nano.a(lib_a-strlen.o)
                              src/tiny_printf.o (strlen)
/opt/Atollic_TrueSTUDIO_for_STM32_x86_64_9.3.0/ARMTools/bin/../lib/gcc/arm-atollic-eabi/6.3.1/../../../../arm-atollic-eabi/lib/armv7-m/libnosys.a(write.o)
                              src/tiny_printf.o (_write)
/opt/Atollic_TrueSTUDIO_for_STM32_x86_64_9.3.0/ARMTools/bin/../lib/gcc/arm-atollic-eabi/6.3.1/../../../../arm-atollic-eabi/lib/armv7-m/libnosys.a(errno.o)
                              /opt/Atollic_TrueSTUDIO_for_STM32_x86_64_9.3.0/ARMTools/bin/../lib/gcc/arm-atollic-eabi/6.3.1/../../../../arm-atollic-eabi/lib/armv7-m/libnosys.a(write.o) (errno)

Allocating common symbols
Common symbol       size              file

errno               0x4               /opt/Atollic_TrueSTUDIO_for_STM32_x86_64_9.3.0/ARMTools/bin/../lib/gcc/arm-atollic-eabi/6.3.1/../../../../arm-atollic-eabi/lib/armv7-m/libnosys.a(errno.o)

Discarded input sections

 .text          0x0000000000000000        0x0 /opt/Atollic_TrueSTUDIO_for_STM32_x86_64_9.3.0/ARMTools/bin/../lib/gcc/arm-atollic-eabi/6.3.1/armv7-m/crti.o
 .data          0x0000000000000000        0x0 /opt/Atollic_TrueSTUDIO_for_STM32_x86_64_9.3.0/ARMTools/bin/../lib/gcc/arm-atollic-eabi/6.3.1/armv7-m/crti.o
 .bss           0x0000000000000000        0x0 /opt/Atollic_TrueSTUDIO_for_STM32_x86_64_9.3.0/ARMTools/bin/../lib/gcc/arm-atollic-eabi/6.3.1/armv7-m/crti.o
 .data          0x0000000000000000        0x4 /opt/Atollic_TrueSTUDIO_for_STM32_x86_64_9.3.0/ARMTools/bin/../lib/gcc/arm-atollic-eabi/6.3.1/armv7-m/crtbegin.o
 .group         0x0000000000000000        0x8 Libraries/STM32F10x_StdPeriph_Driver/src/misc.o
 .group         0x0000000000000000        0x8 Libraries/STM32F10x_StdPeriph_Driver/src/misc.o
 .group         0x0000000000000000        0x8 Libraries/STM32F10x_StdPeriph_Driver/src/misc.o
 .group         0x0000000000000000        0x8 Libraries/STM32F10x_StdPeriph_Driver/src/misc.o
 .group         0x0000000000000000        0x8 Libraries/STM32F10x_StdPeriph_Driver/src/misc.o
 .group         0x0000000000000000        0x8 Libraries/STM32F10x_StdPeriph_Driver/src/misc.o
 .group         0x0000000000000000        0x8 Libraries/STM32F10x_StdPeriph_Driver/src/misc.o
 .group         0x0000000000000000        0x8 Libraries/STM32F10x_StdPeriph_Driver/src/misc.o
 .group         0x0000000000000000        0x8 Libraries/STM32F10x_StdPeriph_Driver/src/misc.o
 .group         0x0000000000000000        0x8 Libraries/STM32F10x_StdPeriph_Driver/src/misc.o
 .group         0x0000000000000000        0x8 Libraries/STM32F10x_StdPeriph_Driver/src/misc.o
 .group         0x0000000000000000        0x8 Libraries/STM32F10x_StdPeriph_Driver/src/misc.o
 .group         0x0000000000000000        0x8 Libraries/STM32F10x_StdPeriph_Driver/src/misc.o
 .group         0x0000000000000000        0x8 Libraries/STM32F10x_StdPeriph_Driver/src/misc.o
 .group         0x0000000000000000        0x8 Libraries/STM32F10x_StdPeriph_Driver/src/misc.o
 .group         0x0000000000000000        0x8 Libraries/STM32F10x_StdPeriph_Driver/src/misc.o
 .group         0x0000000000000000        0x8 Libraries/STM32F10x_StdPeriph_Driver/src/misc.o
 .group         0x0000000000000000        0x8 Libraries/STM32F10x_StdPeriph_Driver/src/misc.o
 .group         0x0000000000000000        0x8 Libraries/STM32F10x_StdPeriph_Driver/src/misc.o
 .group         0x0000000000000000        0x8 Libraries/STM32F10x_StdPeriph_Driver/src/misc.o
 .group         0x0000000000000000        0x8 Libraries/STM32F10x_StdPeriph_Driver/src/misc.o
 .group         0x0000000000000000        0x8 Libraries/STM32F10x_StdPeriph_Driver/src/misc.o
 .group         0x0000000000000000        0x8 Libraries/STM32F10x_StdPeriph_Driver/src/misc.o
 .group         0x0000000000000000        0x8 Libraries/STM32F10x_StdPeriph_Driver/src/misc.o
 .group         0x0000000000000000        0x8 Libraries/STM32F10x_StdPeriph_Driver/src/misc.o
 .group         0x0000000000000000        0x8 Libraries/STM32F10x_StdPeriph_Driver/src/misc.o
 .group         0x0000000000000000        0x8 Libraries/STM32F10x_StdPeriph_Driver/src/misc.o
 .group         0x0000000000000000        0x8 Libraries/STM32F10x_StdPeriph_Driver/src/misc.o
 .group         0x0000000000000000        0x8 Libraries/STM32F10x_StdPeriph_Driver/src/misc.o
 .group         0x0000000000000000        0x8 Libraries/STM32F10x_StdPeriph_Driver/src/misc.o
 .group         0x0000000000000000        0x8 Libraries/STM32F10x_StdPeriph_Driver/src/misc.o
[...]
Memory Configuration

Name             Origin             Length             Attributes
FLASH            0x0000000008000000 0x0000000000020000 xr
RAM              0x0000000020000000 0x0000000000002000 xrw
MEMORY_B1        0x0000000060000000 0x0000000000000000 xr
*default*        0x0000000000000000 0xffffffffffffffff

Linker script and memory map

LOAD /opt/Atollic_TrueSTUDIO_for_STM32_x86_64_9.3.0/ARMTools/bin/../lib/gcc/arm-atollic-eabi/6.3.1/armv7-m/crti.o
LOAD /opt/Atollic_TrueSTUDIO_for_STM32_x86_64_9.3.0/ARMTools/bin/../lib/gcc/arm-atollic-eabi/6.3.1/armv7-m/crtbegin.o
LOAD Libraries/STM32F10x_StdPeriph_Driver/src/misc.o
LOAD Libraries/STM32F10x_StdPeriph_Driver/src/stm32f10x_adc.o
LOAD Libraries/STM32F10x_StdPeriph_Driver/src/stm32f10x_bkp.o
LOAD Libraries/STM32F10x_StdPeriph_Driver/src/stm32f10x_can.o
LOAD Libraries/STM32F10x_StdPeriph_Driver/src/stm32f10x_cec.o
LOAD Libraries/STM32F10x_StdPeriph_Driver/src/stm32f10x_crc.o
LOAD Libraries/STM32F10x_StdPeriph_Driver/src/stm32f10x_dac.o
LOAD Libraries/STM32F10x_StdPeriph_Driver/src/stm32f10x_dbgmcu.o
LOAD Libraries/STM32F10x_StdPeriph_Driver/src/stm32f10x_dma.o
LOAD Libraries/STM32F10x_StdPeriph_Driver/src/stm32f10x_exti.o
LOAD Libraries/STM32F10x_StdPeriph_Driver/src/stm32f10x_flash.o
LOAD Libraries/STM32F10x_StdPeriph_Driver/src/stm32f10x_fsmc.o
LOAD Libraries/STM32F10x_StdPeriph_Driver/src/stm32f10x_gpio.o
LOAD Libraries/STM32F10x_StdPeriph_Driver/src/stm32f10x_i2c.o
LOAD Libraries/STM32F10x_StdPeriph_Driver/src/stm32f10x_iwdg.o
LOAD Libraries/STM32F10x_StdPeriph_Driver/src/stm32f10x_pwr.o
LOAD Libraries/STM32F10x_StdPeriph_Driver/src/stm32f10x_rcc.o
LOAD Libraries/STM32F10x_StdPeriph_Driver/src/stm32f10x_rtc.o
LOAD Libraries/STM32F10x_StdPeriph_Driver/src/stm32f10x_sdio.o
LOAD Libraries/STM32F10x_StdPeriph_Driver/src/stm32f10x_spi.o
LOAD Libraries/STM32F10x_StdPeriph_Driver/src/stm32f10x_tim.o
LOAD Libraries/STM32F10x_StdPeriph_Driver/src/stm32f10x_usart.o
LOAD Libraries/STM32F10x_StdPeriph_Driver/src/stm32f10x_wwdg.o
LOAD src/init.o
LOAD src/interrupts.o
LOAD src/main.o
LOAD src/startup_stm32f10x_md_vl.o
LOAD src/stm32f1xx_it.o
LOAD src/system_stm32f10x.o
LOAD src/tiny_printf.o
                0x0000000000000080                malloc_getpagesize_P = 0x80
START GROUP
LOAD /opt/Atollic_TrueSTUDIO_for_STM32_x86_64_9.3.0/ARMTools/bin/../lib/gcc/arm-atollic-eabi/6.3.1/../../../../arm-atollic-eabi/lib/armv7-m/libc_nano.a
LOAD /opt/Atollic_TrueSTUDIO_for_STM32_x86_64_9.3.0/ARMTools/bin/../lib/gcc/arm-atollic-eabi/6.3.1/../../../../arm-atollic-eabi/lib/armv7-m/libm.a
END GROUP
START GROUP
LOAD /opt/Atollic_TrueSTUDIO_for_STM32_x86_64_9.3.0/ARMTools/bin/../lib/gcc/arm-atollic-eabi/6.3.1/armv7-m/libgcc.a
LOAD /opt/Atollic_TrueSTUDIO_for_STM32_x86_64_9.3.0/ARMTools/bin/../lib/gcc/arm-atollic-eabi/6.3.1/../../../../arm-atollic-eabi/lib/armv7-m/libc_nano.a
END GROUP
START GROUP
LOAD /opt/Atollic_TrueSTUDIO_for_STM32_x86_64_9.3.0/ARMTools/bin/../lib/gcc/arm-atollic-eabi/6.3.1/armv7-m/libgcc.a
LOAD /opt/Atollic_TrueSTUDIO_for_STM32_x86_64_9.3.0/ARMTools/bin/../lib/gcc/arm-atollic-eabi/6.3.1/../../../../arm-atollic-eabi/lib/armv7-m/libc_nano.a
LOAD /opt/Atollic_TrueSTUDIO_for_STM32_x86_64_9.3.0/ARMTools/bin/../lib/gcc/arm-atollic-eabi/6.3.1/../../../../arm-atollic-eabi/lib/armv7-m/libnosys.a
END GROUP
START GROUP
LOAD /opt/Atollic_TrueSTUDIO_for_STM32_x86_64_9.3.0/ARMTools/bin/../lib/gcc/arm-atollic-eabi/6.3.1/armv7-m/libgcc.a
LOAD /opt/Atollic_TrueSTUDIO_for_STM32_x86_64_9.3.0/ARMTools/bin/../lib/gcc/arm-atollic-eabi/6.3.1/../../../../arm-atollic-eabi/lib/armv7-m/libc_nano.a
LOAD /opt/Atollic_TrueSTUDIO_for_STM32_x86_64_9.3.0/ARMTools/bin/../lib/gcc/arm-atollic-eabi/6.3.1/../../../../arm-atollic-eabi/lib/armv7-m/libnosys.a
END GROUP
LOAD /opt/Atollic_TrueSTUDIO_for_STM32_x86_64_9.3.0/ARMTools/bin/../lib/gcc/arm-atollic-eabi/6.3.1/armv7-m/crtend.o
LOAD /opt/Atollic_TrueSTUDIO_for_STM32_x86_64_9.3.0/ARMTools/bin/../lib/gcc/arm-atollic-eabi/6.3.1/armv7-m/crtn.o
                0x0000000020002000                _estack = 0x20002000
                0x0000000000000000                _Min_Heap_Size = 0x0
                0x0000000000000080                _Min_Stack_Size = 0x80

.isr_vector     0x0000000008000000      0x1d0
                0x0000000008000000                . = ALIGN (0x4)
 *(.isr_vector)
 .isr_vector    0x0000000008000000      0x1d0 src/startup_stm32f10x_md_vl.o
                0x0000000008000000                g_pfnVectors
                0x00000000080001d0                . = ALIGN (0x4)

.text           0x00000000080001d0      0x80c
                0x00000000080001d0                . = ALIGN (0x4)
 *(.text)
 .text          0x00000000080001d0       0x40 /opt/Atollic_TrueSTUDIO_for_STM32_x86_64_9.3.0/ARMTools/bin/../lib/gcc/arm-atollic-eabi/6.3.1/armv7-m/crtbegin.o
 *(.text*)
 .text.initComRCC
                0x0000000008000210       0xc4 src/init.o
                0x0000000008000210                initComRCC
 .text.initGPIO
                0x00000000080002d4      0x10c src/init.o
                0x00000000080002d4                initGPIO
 .text.initTIM3
                0x00000000080003e0       0xdc src/init.o
                0x00000000080003e0                initTIM3
 .text.initTIM15
                0x00000000080004bc       0xf0 src/init.o
                0x00000000080004bc                initTIM15
 .text.initADC1
                0x00000000080005ac       0x64 src/init.o
                0x00000000080005ac                initADC1
 .text.initIRPT
                0x0000000008000610       0x54 src/init.o
                0x0000000008000610                initIRPT
 .text.EXTI0_IRQHandler
                0x0000000008000664       0x84 src/interrupts.o
                0x0000000008000664                EXTI0_IRQHandler
 .text.EXTI1_IRQHandler
                0x00000000080006e8       0x84 src/interrupts.o
                0x00000000080006e8                EXTI1_IRQHandler
 .text.EXTI4_IRQHandler
                0x000000000800076c       0x64 src/interrupts.o
                0x000000000800076c                EXTI4_IRQHandler
 .text.ADC1_IRQHandler
                0x00000000080007d0       0x2c src/interrupts.o
                0x00000000080007d0                ADC1_IRQHandler
 .text.main     0x00000000080007fc       0x1e src/main.o
                0x00000000080007fc                main
 *fill*         0x000000000800081a        0x2 
 .text.Reset_Handler
                0x000000000800081c       0x50 src/startup_stm32f10x_md_vl.o
                0x000000000800081c                Reset_Handler
 .text.Default_Handler
                0x000000000800086c        0x2 src/startup_stm32f10x_md_vl.o
                0x000000000800086c                EXTI2_IRQHandler
                0x000000000800086c                TIM1_CC_IRQHandler
                0x000000000800086c                SysTick_Handler
                0x000000000800086c                PVD_IRQHandler
                0x000000000800086c                EXTI3_IRQHandler
                0x000000000800086c                I2C2_EV_IRQHandler
                0x000000000800086c                TIM1_UP_TIM16_IRQHandler
                0x000000000800086c                SPI1_IRQHandler
                0x000000000800086c                TAMPER_IRQHandler
                0x000000000800086c                TIM6_DAC_IRQHandler
                0x000000000800086c                DMA1_Channel4_IRQHandler
                0x000000000800086c                USART3_IRQHandler
                0x000000000800086c                RTC_IRQHandler
                0x000000000800086c                DMA1_Channel7_IRQHandler
                0x000000000800086c                TIM4_IRQHandler
                0x000000000800086c                I2C1_EV_IRQHandler
                0x000000000800086c                DMA1_Channel6_IRQHandler
                0x000000000800086c                TIM3_IRQHandler
                0x000000000800086c                RCC_IRQHandler
                0x000000000800086c                DMA1_Channel1_IRQHandler
                0x000000000800086c                Default_Handler
                0x000000000800086c                CEC_IRQHandler
                0x000000000800086c                EXTI15_10_IRQHandler
                0x000000000800086c                TIM7_IRQHandler
                0x000000000800086c                EXTI9_5_IRQHandler
                0x000000000800086c                SPI2_IRQHandler
                0x000000000800086c                DMA1_Channel5_IRQHandler
                0x000000000800086c                TIM1_TRG_COM_TIM17_IRQHandler
                0x000000000800086c                DMA1_Channel3_IRQHandler
                0x000000000800086c                WWDG_IRQHandler
                0x000000000800086c                TIM2_IRQHandler
                0x000000000800086c                RTCAlarm_IRQHandler
                0x000000000800086c                USART2_IRQHandler
                0x000000000800086c                I2C2_ER_IRQHandler
                0x000000000800086c                DMA1_Channel2_IRQHandler
                0x000000000800086c                FLASH_IRQHandler
                0x000000000800086c                USART1_IRQHandler
                0x000000000800086c                I2C1_ER_IRQHandler
                0x000000000800086c                TIM1_BRK_TIM15_IRQHandler
 .text.NMI_Handler
                0x000000000800086e        0x2 src/stm32f1xx_it.o
                0x000000000800086e                NMI_Handler
 .text.HardFault_Handler
                0x0000000008000870        0x2 src/stm32f1xx_it.o
                0x0000000008000870                HardFault_Handler
 .text.MemManage_Handler
                0x0000000008000872        0x2 src/stm32f1xx_it.o
                0x0000000008000872                MemManage_Handler
 .text.BusFault_Handler
                0x0000000008000874        0x2 src/stm32f1xx_it.o
                0x0000000008000874                BusFault_Handler
 .text.UsageFault_Handler
                0x0000000008000876        0x2 src/stm32f1xx_it.o
                0x0000000008000876                UsageFault_Handler
 .text.SVC_Handler
                0x0000000008000878        0x2 src/stm32f1xx_it.o
                0x0000000008000878                SVC_Handler
 .text.DebugMon_Handler
                0x000000000800087a        0x2 src/stm32f1xx_it.o
                0x000000000800087a                DebugMon_Handler
 .text.PendSV_Handler
                0x000000000800087c        0x2 src/stm32f1xx_it.o
                0x000000000800087c                PendSV_Handler
 *fill*         0x000000000800087e        0x2 
 .text.SetSysClockTo24
                0x0000000008000880       0xa0 src/system_stm32f10x.o
 .text.SetSysClock
                0x0000000008000920        0x8 src/system_stm32f10x.o
 .text.SystemInit
                0x0000000008000928       0x54 src/system_stm32f10x.o
                0x0000000008000928                SystemInit
 .text.__libc_init_array
                0x000000000800097c       0x48 /opt/Atollic_TrueSTUDIO_for_STM32_x86_64_9.3.0/ARMTools/bin/../lib/gcc/arm-atollic-eabi/6.3.1/../../../../arm-atollic-eabi/lib/armv7-m/libc_nano.a(lib_a-init.o)
                0x000000000800097c                __libc_init_array
 *(.glue_7)
 .glue_7        0x00000000080009c4        0x0 linker stubs
 *(.glue_7t)
 .glue_7t       0x00000000080009c4        0x0 linker stubs
 *(.eh_frame)
 .eh_frame      0x00000000080009c4        0x0 /opt/Atollic_TrueSTUDIO_for_STM32_x86_64_9.3.0/ARMTools/bin/../lib/gcc/arm-atollic-eabi/6.3.1/armv7-m/crtbegin.o
 *(.init)
 .init          0x00000000080009c4        0x4 /opt/Atollic_TrueSTUDIO_for_STM32_x86_64_9.3.0/ARMTools/bin/../lib/gcc/arm-atollic-eabi/6.3.1/armv7-m/crti.o
                0x00000000080009c4                _init
 .init          0x00000000080009c8        0x8 /opt/Atollic_TrueSTUDIO_for_STM32_x86_64_9.3.0/ARMTools/bin/../lib/gcc/arm-atollic-eabi/6.3.1/armv7-m/crtn.o
 *(.fini)
 .fini          0x00000000080009d0        0x4 /opt/Atollic_TrueSTUDIO_for_STM32_x86_64_9.3.0/ARMTools/bin/../lib/gcc/arm-atollic-eabi/6.3.1/armv7-m/crti.o
                0x00000000080009d0                _fini
 .fini          0x00000000080009d4        0x8 /opt/Atollic_TrueSTUDIO_for_STM32_x86_64_9.3.0/ARMTools/bin/../lib/gcc/arm-atollic-eabi/6.3.1/armv7-m/crtn.o
                0x00000000080009dc                . = ALIGN (0x4)
                0x00000000080009dc                _etext = .

.vfp11_veneer   0x00000000080009dc        0x0
 .vfp11_veneer  0x00000000080009dc        0x0 linker stubs

.v4_bx          0x00000000080009dc        0x0
 .v4_bx         0x00000000080009dc        0x0 linker stubs

.iplt           0x00000000080009dc        0x0
 .iplt          0x00000000080009dc        0x0 /opt/Atollic_TrueSTUDIO_for_STM32_x86_64_9.3.0/ARMTools/bin/../lib/gcc/arm-atollic-eabi/6.3.1/armv7-m/crtbegin.o

.rel.dyn        0x00000000080009dc        0x0
 .rel.iplt      0x00000000080009dc        0x0 /opt/Atollic_TrueSTUDIO_for_STM32_x86_64_9.3.0/ARMTools/bin/../lib/gcc/arm-atollic-eabi/6.3.1/armv7-m/crtbegin.o

.rodata         0x00000000080009dc        0x0
                0x00000000080009dc                . = ALIGN (0x4)
 *(.rodata)
 *(.rodata*)
                0x00000000080009dc                . = ALIGN (0x4)

.ARM.extab
 *(.ARM.extab* .gnu.linkonce.armextab.*)

.ARM            0x00000000080009dc        0x0
                0x00000000080009dc                __exidx_start = .
 *(.ARM.exidx*)
                0x00000000080009dc                __exidx_end = .

.preinit_array  0x00000000080009dc        0x0
                0x00000000080009dc                PROVIDE (__preinit_array_start, .)
 *(.preinit_array*)
                0x00000000080009dc                PROVIDE (__preinit_array_end, .)

.init_array     0x00000000080009dc        0x4
                0x00000000080009dc                PROVIDE (__init_array_start, .)
 *(SORT(.init_array.*))
 *(.init_array*)
 .init_array    0x00000000080009dc        0x4 /opt/Atollic_TrueSTUDIO_for_STM32_x86_64_9.3.0/ARMTools/bin/../lib/gcc/arm-atollic-eabi/6.3.1/armv7-m/crtbegin.o
                0x00000000080009e0                PROVIDE (__init_array_end, .)

.fini_array     0x00000000080009e0        0x4
                [!provide]                        PROVIDE (__fini_array_start, .)
 *(SORT(.fini_array.*))
 *(.fini_array*)
 .fini_array    0x00000000080009e0        0x4 /opt/Atollic_TrueSTUDIO_for_STM32_x86_64_9.3.0/ARMTools/bin/../lib/gcc/arm-atollic-eabi/6.3.1/armv7-m/crtbegin.o
                [!provide]                        PROVIDE (__fini_array_end, .)
                0x00000000080009e4                _sidata = LOADADDR (.data)

.data           0x0000000020000000        0x0 load address 0x00000000080009e4
                0x0000000020000000                . = ALIGN (0x4)
                0x0000000020000000                _sdata = .
 *(.data)
 *(.data*)
                0x0000000020000000                . = ALIGN (0x4)
                0x0000000020000000                _edata = .

.igot.plt       0x0000000020000000        0x0 load address 0x00000000080009e4
 .igot.plt      0x0000000020000000        0x0 /opt/Atollic_TrueSTUDIO_for_STM32_x86_64_9.3.0/ARMTools/bin/../lib/gcc/arm-atollic-eabi/6.3.1/armv7-m/crtbegin.o
                0x0000000020000000                . = ALIGN (0x4)

.bss            0x0000000020000000       0x1c load address 0x00000000080009e4
                0x0000000020000000                _sbss = .
                0x0000000020000000                __bss_start__ = _sbss
 *(.bss)
 .bss           0x0000000020000000       0x1c /opt/Atollic_TrueSTUDIO_for_STM32_x86_64_9.3.0/ARMTools/bin/../lib/gcc/arm-atollic-eabi/6.3.1/armv7-m/crtbegin.o
 *(.bss*)
 *(COMMON)
                0x000000002000001c                . = ALIGN (0x4)
                0x000000002000001c                _ebss = .
                0x000000002000001c                __bss_end__ = _ebss

._user_heap_stack
                0x000000002000001c       0x80 load address 0x00000000080009e4
                0x000000002000001c                . = ALIGN (0x4)
                [!provide]                        PROVIDE (end, .)
                [!provide]                        PROVIDE (_end, .)
                0x000000002000001c                . = (. + _Min_Heap_Size)
                0x000000002000009c                . = (. + _Min_Stack_Size)
 *fill*         0x000000002000001c       0x80 
                0x000000002000009c                . = ALIGN (0x4)

.memory_b1_text
 *(.mb1text)
 *(.mb1text*)
 *(.mb1rodata)
 *(.mb1rodata*)

/DISCARD/
 libc.a(*)
 libm.a(*)
 libgcc.a(*)

.ARM.attributes
                0x0000000000000000       0x29
 *(.ARM.attributes)
 .ARM.attributes
                0x0000000000000000       0x1d /opt/Atollic_TrueSTUDIO_for_STM32_x86_64_9.3.0/ARMTools/bin/../lib/gcc/arm-atollic-eabi/6.3.1/armv7-m/crti.o
 .ARM.attributes
                0x000000000000001d       0x2d /opt/Atollic_TrueSTUDIO_for_STM32_x86_64_9.3.0/ARMTools/bin/../lib/gcc/arm-atollic-eabi/6.3.1/armv7-m/crtbegin.o
 .ARM.attributes
                0x000000000000004a       0x33 src/init.o
 .ARM.attributes
                0x000000000000007d       0x33 src/interrupts.o
 .ARM.attributes
                0x00000000000000b0       0x33 src/main.o
 .ARM.attributes
                0x00000000000000e3       0x21 src/startup_stm32f10x_md_vl.o
 .ARM.attributes
                0x0000000000000104       0x33 src/stm32f1xx_it.o
 .ARM.attributes
                0x0000000000000137       0x33 src/system_stm32f10x.o
 .ARM.attributes
                0x000000000000016a       0x2d /opt/Atollic_TrueSTUDIO_for_STM32_x86_64_9.3.0/ARMTools/bin/../lib/gcc/arm-atollic-eabi/6.3.1/../../../../arm-atollic-eabi/lib/armv7-m/libc_nano.a(lib_a-init.o)
 .ARM.attributes
                0x0000000000000197       0x1d /opt/Atollic_TrueSTUDIO_for_STM32_x86_64_9.3.0/ARMTools/bin/../lib/gcc/arm-atollic-eabi/6.3.1/armv7-m/crtn.o
OUTPUT(SmSh.elf elf32-littlearm)

.debug_info     0x0000000000000000     0x17c4
 .debug_info    0x0000000000000000      0x977 src/init.o
 .debug_info    0x0000000000000977      0x6bc src/interrupts.o
 .debug_info    0x0000000000001033      0x169 src/main.o
 .debug_info    0x000000000000119c       0x79 src/startup_stm32f10x_md_vl.o
 .debug_info    0x0000000000001215      0x147 src/stm32f1xx_it.o
 .debug_info    0x000000000000135c      0x468 src/system_stm32f10x.o

.debug_abbrev   0x0000000000000000      0x541
 .debug_abbrev  0x0000000000000000      0x177 src/init.o
 .debug_abbrev  0x0000000000000177      0x10f src/interrupts.o
 .debug_abbrev  0x0000000000000286       0xb9 src/main.o
 .debug_abbrev  0x000000000000033f       0x12 src/startup_stm32f10x_md_vl.o
 .debug_abbrev  0x0000000000000351       0x7b src/stm32f1xx_it.o
 .debug_abbrev  0x00000000000003cc      0x175 src/system_stm32f10x.o

.debug_loc      0x0000000000000000      0x14f
 .debug_loc     0x0000000000000000       0x50 src/init.o
 .debug_loc     0x0000000000000050       0xff src/system_stm32f10x.o

.debug_aranges  0x0000000000000000      0x158
 .debug_aranges
                0x0000000000000000       0x48 src/init.o
 .debug_aranges
                0x0000000000000048       0x38 src/interrupts.o
 .debug_aranges
                0x0000000000000080       0x20 src/main.o
 .debug_aranges
                0x00000000000000a0       0x28 src/startup_stm32f10x_md_vl.o
 .debug_aranges
                0x00000000000000c8       0x58 src/stm32f1xx_it.o
 .debug_aranges
                0x0000000000000120       0x38 src/system_stm32f10x.o

.debug_ranges   0x0000000000000000      0x100
 .debug_ranges  0x0000000000000000       0x38 src/init.o
 .debug_ranges  0x0000000000000038       0x28 src/interrupts.o
 .debug_ranges  0x0000000000000060       0x10 src/main.o
 .debug_ranges  0x0000000000000070       0x20 src/startup_stm32f10x_md_vl.o
 .debug_ranges  0x0000000000000090       0x48 src/stm32f1xx_it.o
 .debug_ranges  0x00000000000000d8       0x28 src/system_stm32f10x.o

.debug_macro    0x0000000000000000      0x805
 .debug_macro   0x0000000000000000      0x198 src/init.o
 .debug_macro   0x0000000000000198      0x198 src/interrupts.o
 .debug_macro   0x0000000000000330      0x1a2 src/main.o
 .debug_macro   0x00000000000004d2      0x198 src/stm32f1xx_it.o
 .debug_macro   0x000000000000066a      0x19b src/system_stm32f10x.o

.debug_line     0x0000000000000000     0x1a40
 .debug_line    0x0000000000000000      0x58c src/init.o
 .debug_line    0x000000000000058c      0x50f src/interrupts.o
 .debug_line    0x0000000000000a9b      0x4c1 src/main.o
 .debug_line    0x0000000000000f5c       0x7f src/startup_stm32f10x_md_vl.o
 .debug_line    0x0000000000000fdb      0x526 src/stm32f1xx_it.o
 .debug_line    0x0000000000001501      0x53f src/system_stm32f10x.o

.debug_str      0x0000000000000000    0x4e1b7
 .debug_str     0x0000000000000000    0x4df4b src/init.o
                                      0x4e0cd (size before relaxing)
 .debug_str     0x000000000004df4b       0xd1 src/interrupts.o
                                      0x4dddd (size before relaxing)
 .debug_str     0x000000000004e01c       0x20 src/main.o
                                      0x4dbcb (size before relaxing)
 .debug_str     0x000000000004e03c       0xa8 src/stm32f1xx_it.o
                                      0x4dc02 (size before relaxing)
 .debug_str     0x000000000004e0e4       0xd3 src/system_stm32f10x.o
                                      0x4dcf6 (size before relaxing)

.comment        0x0000000000000000       0x7c
 .comment       0x0000000000000000       0x7c src/init.o
                                         0x7d (size before relaxing)
 .comment       0x000000000000007c       0x7d src/interrupts.o
 .comment       0x000000000000007c       0x7d src/main.o
 .comment       0x000000000000007c       0x7d src/stm32f1xx_it.o
 .comment       0x000000000000007c       0x7d src/system_stm32f10x.o

.debug_frame    0x0000000000000000      0x210
 .debug_frame   0x0000000000000000       0x70 src/init.o
 .debug_frame   0x0000000000000070       0x50 src/interrupts.o
 .debug_frame   0x00000000000000c0       0x28 src/main.o
 .debug_frame   0x00000000000000e8       0x90 src/stm32f1xx_it.o
 .debug_frame   0x0000000000000178       0x6c src/system_stm32f10x.o
 .debug_frame   0x00000000000001e4       0x2c /opt/Atollic_TrueSTUDIO_for_STM32_x86_64_9.3.0/ARMTools/bin/../lib/gcc/arm-atollic-eabi/6.3.1/../../../../arm-atollic-eabi/lib/armv7-m/libc_nano.a(lib_a-init.o)

.stabstr        0x0000000000000000       0x3f
 .stabstr       0x0000000000000000       0x3f /opt/Atollic_TrueSTUDIO_for_STM32_x86_64_9.3.0/ARMTools/bin/../lib/gcc/arm-atollic-eabi/6.3.1/../../../../arm-atollic-eabi/lib/armv7-m/libnosys.a(write.o)

Cross Reference Table

Symbol                                            File
ADC1_IRQHandler                                   src/interrupts.o
ADC_AnalogWatchdogCmd                             Libraries/STM32F10x_StdPeriph_Driver/src/stm32f10x_adc.o
ADC_AnalogWatchdogSingleChannelConfig             Libraries/STM32F10x_StdPeriph_Driver/src/stm32f10x_adc.o
ADC_AnalogWatchdogThresholdsConfig                Libraries/STM32F10x_StdPeriph_Driver/src/stm32f10x_adc.o
ADC_AutoInjectedConvCmd                           Libraries/STM32F10x_StdPeriph_Driver/src/stm32f10x_adc.o
ADC_ClearFlag                                     Libraries/STM32F10x_StdPeriph_Driver/src/stm32f10x_adc.o
ADC_ClearITPendingBit                             Libraries/STM32F10x_StdPeriph_Driver/src/stm32f10x_adc.o
ADC_Cmd                                           Libraries/STM32F10x_StdPeriph_Driver/src/stm32f10x_adc.o
ADC_DMACmd                                        Libraries/STM32F10x_StdPeriph_Driver/src/stm32f10x_adc.o
ADC_DeInit                                        Libraries/STM32F10x_StdPeriph_Driver/src/stm32f10x_adc.o
ADC_DiscModeChannelCountConfig                    Libraries/STM32F10x_StdPeriph_Driver/src/stm32f10x_adc.o
ADC_DiscModeCmd                                   Libraries/STM32F10x_StdPeriph_Driver/src/stm32f10x_adc.o
ADC_ExternalTrigConvCmd                           Libraries/STM32F10x_StdPeriph_Driver/src/stm32f10x_adc.o
ADC_ExternalTrigInjectedConvCmd                   Libraries/STM32F10x_StdPeriph_Driver/src/stm32f10x_adc.o
ADC_ExternalTrigInjectedConvConfig                Libraries/STM32F10x_StdPeriph_Driver/src/stm32f10x_adc.o
ADC_GetCalibrationStatus                          Libraries/STM32F10x_StdPeriph_Driver/src/stm32f10x_adc.o
ADC_GetConversionValue                            Libraries/STM32F10x_StdPeriph_Driver/src/stm32f10x_adc.o
ADC_GetDualModeConversionValue                    Libraries/STM32F10x_StdPeriph_Driver/src/stm32f10x_adc.o
ADC_GetFlagStatus                                 Libraries/STM32F10x_StdPeriph_Driver/src/stm32f10x_adc.o
ADC_GetITStatus                                   Libraries/STM32F10x_StdPeriph_Driver/src/stm32f10x_adc.o
ADC_GetInjectedConversionValue                    Libraries/STM32F10x_StdPeriph_Driver/src/stm32f10x_adc.o
ADC_GetResetCalibrationStatus                     Libraries/STM32F10x_StdPeriph_Driver/src/stm32f10x_adc.o
ADC_GetSoftwareStartConvStatus                    Libraries/STM32F10x_StdPeriph_Driver/src/stm32f10x_adc.o
ADC_GetSoftwareStartInjectedConvCmdStatus         Libraries/STM32F10x_StdPeriph_Driver/src/stm32f10x_adc.o
ADC_ITConfig                                      Libraries/STM32F10x_StdPeriph_Driver/src/stm32f10x_adc.o
ADC_Init                                          Libraries/STM32F10x_StdPeriph_Driver/src/stm32f10x_adc.o
ADC_InjectedChannelConfig                         Libraries/STM32F10x_StdPeriph_Driver/src/stm32f10x_adc.o
ADC_InjectedDiscModeCmd                           Libraries/STM32F10x_StdPeriph_Driver/src/stm32f10x_adc.o
ADC_InjectedSequencerLengthConfig                 Libraries/STM32F10x_StdPeriph_Driver/src/stm32f10x_adc.o
ADC_RegularChannelConfig                          Libraries/STM32F10x_StdPeriph_Driver/src/stm32f10x_adc.o
ADC_ResetCalibration                              Libraries/STM32F10x_StdPeriph_Driver/src/stm32f10x_adc.o
ADC_SetInjectedOffset                             Libraries/STM32F10x_StdPeriph_Driver/src/stm32f10x_adc.o
ADC_SoftwareStartConvCmd                          Libraries/STM32F10x_StdPeriph_Driver/src/stm32f10x_adc.o
ADC_SoftwareStartInjectedConvCmd                  Libraries/STM32F10x_StdPeriph_Driver/src/stm32f10x_adc.o
ADC_StartCalibration                              Libraries/STM32F10x_StdPeriph_Driver/src/stm32f10x_adc.o
ADC_StructInit                                    Libraries/STM32F10x_StdPeriph_Driver/src/stm32f10x_adc.o
ADC_TempSensorVrefintCmd                          Libraries/STM32F10x_StdPeriph_Driver/src/stm32f10x_adc.o
AHBPrescTable                                     src/system_stm32f10x.o
BKP_ClearFlag                                     Libraries/STM32F10x_StdPeriph_Driver/src/stm32f10x_bkp.o
BKP_ClearITPendingBit                             Libraries/STM32F10x_StdPeriph_Driver/src/stm32f10x_bkp.o
BKP_DeInit                                        Libraries/STM32F10x_StdPeriph_Driver/src/stm32f10x_bkp.o
BKP_GetFlagStatus                                 Libraries/STM32F10x_StdPeriph_Driver/src/stm32f10x_bkp.o
BKP_GetITStatus                                   Libraries/STM32F10x_StdPeriph_Driver/src/stm32f10x_bkp.o
BKP_ITConfig                                      Libraries/STM32F10x_StdPeriph_Driver/src/stm32f10x_bkp.o
BKP_RTCOutputConfig                               Libraries/STM32F10x_StdPeriph_Driver/src/stm32f10x_bkp.o
BKP_ReadBackupRegister                            Libraries/STM32F10x_StdPeriph_Driver/src/stm32f10x_bkp.o
BKP_SetRTCCalibrationValue                        Libraries/STM32F10x_StdPeriph_Driver/src/stm32f10x_bkp.o
BKP_TamperPinCmd                                  Libraries/STM32F10x_StdPeriph_Driver/src/stm32f10x_bkp.o
BKP_TamperPinLevelConfig                          Libraries/STM32F10x_StdPeriph_Driver/src/stm32f10x_bkp.o
BKP_WriteBackupRegister                           Libraries/STM32F10x_StdPeriph_Driver/src/stm32f10x_bkp.o
BusFault_Handler                                  src/stm32f1xx_it.o
                                                  src/startup_stm32f10x_md_vl.o
CAN_CancelTransmit                                Libraries/STM32F10x_StdPeriph_Driver/src/stm32f10x_can.o
CAN_ClearFlag                                     Libraries/STM32F10x_StdPeriph_Driver/src/stm32f10x_can.o
CAN_ClearITPendingBit                             Libraries/STM32F10x_StdPeriph_Driver/src/stm32f10x_can.o
CAN_DBGFreeze                                     Libraries/STM32F10x_StdPeriph_Driver/src/stm32f10x_can.o
CAN_DeInit                                        Libraries/STM32F10x_StdPeriph_Driver/src/stm32f10x_can.o
CAN_FIFORelease                                   Libraries/STM32F10x_StdPeriph_Driver/src/stm32f10x_can.o
CAN_FilterInit                                    Libraries/STM32F10x_StdPeriph_Driver/src/stm32f10x_can.o
CAN_GetFlagStatus                                 Libraries/STM32F10x_StdPeriph_Driver/src/stm32f10x_can.o
CAN_GetITStatus                                   Libraries/STM32F10x_StdPeriph_Driver/src/stm32f10x_can.o
CAN_GetLSBTransmitErrorCounter                    Libraries/STM32F10x_StdPeriph_Driver/src/stm32f10x_can.o
CAN_GetLastErrorCode                              Libraries/STM32F10x_StdPeriph_Driver/src/stm32f10x_can.o
CAN_GetReceiveErrorCounter                        Libraries/STM32F10x_StdPeriph_Driver/src/stm32f10x_can.o
CAN_ITConfig                                      Libraries/STM32F10x_StdPeriph_Driver/src/stm32f10x_can.o
CAN_Init                                          Libraries/STM32F10x_StdPeriph_Driver/src/stm32f10x_can.o
CAN_MessagePending                                Libraries/STM32F10x_StdPeriph_Driver/src/stm32f10x_can.o
CAN_OperatingModeRequest                          Libraries/STM32F10x_StdPeriph_Driver/src/stm32f10x_can.o
CAN_Receive                                       Libraries/STM32F10x_StdPeriph_Driver/src/stm32f10x_can.o
CAN_SlaveStartBank                                Libraries/STM32F10x_StdPeriph_Driver/src/stm32f10x_can.o
CAN_Sleep                                         Libraries/STM32F10x_StdPeriph_Driver/src/stm32f10x_can.o
CAN_StructInit                                    Libraries/STM32F10x_StdPeriph_Driver/src/stm32f10x_can.o
CAN_TTComModeCmd                                  Libraries/STM32F10x_StdPeriph_Driver/src/stm32f10x_can.o
CAN_Transmit                                      Libraries/STM32F10x_StdPeriph_Driver/src/stm32f10x_can.o
CAN_TransmitStatus                                Libraries/STM32F10x_StdPeriph_Driver/src/stm32f10x_can.o
CAN_WakeUp                                        Libraries/STM32F10x_StdPeriph_Driver/src/stm32f10x_can.o
CEC_ClearFlag                                     Libraries/STM32F10x_StdPeriph_Driver/src/stm32f10x_cec.o
CEC_ClearITPendingBit                             Libraries/STM32F10x_StdPeriph_Driver/src/stm32f10x_cec.o
CEC_Cmd                                           Libraries/STM32F10x_StdPeriph_Driver/src/stm32f10x_cec.o
CEC_DeInit                                        Libraries/STM32F10x_StdPeriph_Driver/src/stm32f10x_cec.o
CEC_EndOfMessageCmd                               Libraries/STM32F10x_StdPeriph_Driver/src/stm32f10x_cec.o
CEC_GetFlagStatus                                 Libraries/STM32F10x_StdPeriph_Driver/src/stm32f10x_cec.o
CEC_GetITStatus                                   Libraries/STM32F10x_StdPeriph_Driver/src/stm32f10x_cec.o
CEC_IRQHandler                                    src/startup_stm32f10x_md_vl.o
CEC_ITConfig                                      Libraries/STM32F10x_StdPeriph_Driver/src/stm32f10x_cec.o
CEC_Init                                          Libraries/STM32F10x_StdPeriph_Driver/src/stm32f10x_cec.o
CEC_OwnAddressConfig                              Libraries/STM32F10x_StdPeriph_Driver/src/stm32f10x_cec.o
CEC_ReceiveDataByte                               Libraries/STM32F10x_StdPeriph_Driver/src/stm32f10x_cec.o
CEC_SendDataByte                                  Libraries/STM32F10x_StdPeriph_Driver/src/stm32f10x_cec.o
CEC_SetPrescaler                                  Libraries/STM32F10x_StdPeriph_Driver/src/stm32f10x_cec.o
CEC_StartOfMessage                                Libraries/STM32F10x_StdPeriph_Driver/src/stm32f10x_cec.o
CRC_CalcBlockCRC                                  Libraries/STM32F10x_StdPeriph_Driver/src/stm32f10x_crc.o
CRC_CalcCRC                                       Libraries/STM32F10x_StdPeriph_Driver/src/stm32f10x_crc.o
CRC_GetCRC                                        Libraries/STM32F10x_StdPeriph_Driver/src/stm32f10x_crc.o
CRC_GetIDRegister                                 Libraries/STM32F10x_StdPeriph_Driver/src/stm32f10x_crc.o
CRC_ResetDR                                       Libraries/STM32F10x_StdPeriph_Driver/src/stm32f10x_crc.o
CRC_SetIDRegister                                 Libraries/STM32F10x_StdPeriph_Driver/src/stm32f10x_crc.o
DAC_ClearFlag                                     Libraries/STM32F10x_StdPeriph_Driver/src/stm32f10x_dac.o
DAC_ClearITPendingBit                             Libraries/STM32F10x_StdPeriph_Driver/src/stm32f10x_dac.o
DAC_Cmd                                           Libraries/STM32F10x_StdPeriph_Driver/src/stm32f10x_dac.o
DAC_DMACmd                                        Libraries/STM32F10x_StdPeriph_Driver/src/stm32f10x_dac.o
DAC_DeInit                                        Libraries/STM32F10x_StdPeriph_Driver/src/stm32f10x_dac.o
DAC_DualSoftwareTriggerCmd                        Libraries/STM32F10x_StdPeriph_Driver/src/stm32f10x_dac.o
DAC_GetDataOutputValue                            Libraries/STM32F10x_StdPeriph_Driver/src/stm32f10x_dac.o
DAC_GetFlagStatus                                 Libraries/STM32F10x_StdPeriph_Driver/src/stm32f10x_dac.o
DAC_GetITStatus                                   Libraries/STM32F10x_StdPeriph_Driver/src/stm32f10x_dac.o
DAC_ITConfig                                      Libraries/STM32F10x_StdPeriph_Driver/src/stm32f10x_dac.o
DAC_Init                                          Libraries/STM32F10x_StdPeriph_Driver/src/stm32f10x_dac.o
DAC_SetChannel1Data                               Libraries/STM32F10x_StdPeriph_Driver/src/stm32f10x_dac.o
DAC_SetChannel2Data                               Libraries/STM32F10x_StdPeriph_Driver/src/stm32f10x_dac.o
DAC_SetDualChannelData                            Libraries/STM32F10x_StdPeriph_Driver/src/stm32f10x_dac.o
DAC_SoftwareTriggerCmd                            Libraries/STM32F10x_StdPeriph_Driver/src/stm32f10x_dac.o
DAC_StructInit                                    Libraries/STM32F10x_StdPeriph_Driver/src/stm32f10x_dac.o
DAC_WaveGenerationCmd                             Libraries/STM32F10x_StdPeriph_Driver/src/stm32f10x_dac.o
DBGMCU_Config                                     Libraries/STM32F10x_StdPeriph_Driver/src/stm32f10x_dbgmcu.o
DBGMCU_GetDEVID                                   Libraries/STM32F10x_StdPeriph_Driver/src/stm32f10x_dbgmcu.o
DBGMCU_GetREVID                                   Libraries/STM32F10x_StdPeriph_Driver/src/stm32f10x_dbgmcu.o
DMA1_Channel1_IRQHandler                          src/startup_stm32f10x_md_vl.o
DMA1_Channel2_IRQHandler                          src/startup_stm32f10x_md_vl.o
DMA1_Channel3_IRQHandler                          src/startup_stm32f10x_md_vl.o
DMA1_Channel4_IRQHandler                          src/startup_stm32f10x_md_vl.o
DMA1_Channel5_IRQHandler                          src/startup_stm32f10x_md_vl.o
DMA1_Channel6_IRQHandler                          src/startup_stm32f10x_md_vl.o
DMA1_Channel7_IRQHandler                          src/startup_stm32f10x_md_vl.o
DMA_ClearFlag                                     Libraries/STM32F10x_StdPeriph_Driver/src/stm32f10x_dma.o
DMA_ClearITPendingBit                             Libraries/STM32F10x_StdPeriph_Driver/src/stm32f10x_dma.o
DMA_Cmd                                           Libraries/STM32F10x_StdPeriph_Driver/src/stm32f10x_dma.o
DMA_DeInit                                        Libraries/STM32F10x_StdPeriph_Driver/src/stm32f10x_dma.o
DMA_GetCurrDataCounter                            Libraries/STM32F10x_StdPeriph_Driver/src/stm32f10x_dma.o
DMA_GetFlagStatus                                 Libraries/STM32F10x_StdPeriph_Driver/src/stm32f10x_dma.o
DMA_GetITStatus                                   Libraries/STM32F10x_StdPeriph_Driver/src/stm32f10x_dma.o
DMA_ITConfig                                      Libraries/STM32F10x_StdPeriph_Driver/src/stm32f10x_dma.o
DMA_Init                                          Libraries/STM32F10x_StdPeriph_Driver/src/stm32f10x_dma.o
DMA_SetCurrDataCounter                            Libraries/STM32F10x_StdPeriph_Driver/src/stm32f10x_dma.o
DMA_StructInit                                    Libraries/STM32F10x_StdPeriph_Driver/src/stm32f10x_dma.o
DebugMon_Handler                                  src/stm32f1xx_it.o
                                                  src/startup_stm32f10x_md_vl.o
Default_Handler                                   src/startup_stm32f10x_md_vl.o
EXTI0_IRQHandler                                  src/interrupts.o
EXTI15_10_IRQHandler                              src/startup_stm32f10x_md_vl.o
EXTI1_IRQHandler                                  src/interrupts.o
EXTI2_IRQHandler                                  src/startup_stm32f10x_md_vl.o
EXTI3_IRQHandler                                  src/startup_stm32f10x_md_vl.o
EXTI4_IRQHandler                                  src/interrupts.o
EXTI9_5_IRQHandler                                src/startup_stm32f10x_md_vl.o
EXTI_ClearFlag                                    Libraries/STM32F10x_StdPeriph_Driver/src/stm32f10x_exti.o
EXTI_ClearITPendingBit                            Libraries/STM32F10x_StdPeriph_Driver/src/stm32f10x_exti.o
EXTI_DeInit                                       Libraries/STM32F10x_StdPeriph_Driver/src/stm32f10x_exti.o
EXTI_GenerateSWInterrupt                          Libraries/STM32F10x_StdPeriph_Driver/src/stm32f10x_exti.o
EXTI_GetFlagStatus                                Libraries/STM32F10x_StdPeriph_Driver/src/stm32f10x_exti.o
EXTI_GetITStatus                                  Libraries/STM32F10x_StdPeriph_Driver/src/stm32f10x_exti.o
EXTI_Init                                         Libraries/STM32F10x_StdPeriph_Driver/src/stm32f10x_exti.o
EXTI_StructInit                                   Libraries/STM32F10x_StdPeriph_Driver/src/stm32f10x_exti.o
FLASH_ClearFlag                                   Libraries/STM32F10x_StdPeriph_Driver/src/stm32f10x_flash.o
FLASH_EnableWriteProtection                       Libraries/STM32F10x_StdPeriph_Driver/src/stm32f10x_flash.o
FLASH_EraseAllBank1Pages                          Libraries/STM32F10x_StdPeriph_Driver/src/stm32f10x_flash.o
FLASH_EraseAllPages                               Libraries/STM32F10x_StdPeriph_Driver/src/stm32f10x_flash.o
FLASH_EraseOptionBytes                            Libraries/STM32F10x_StdPeriph_Driver/src/stm32f10x_flash.o
FLASH_ErasePage                                   Libraries/STM32F10x_StdPeriph_Driver/src/stm32f10x_flash.o
FLASH_GetBank1Status                              Libraries/STM32F10x_StdPeriph_Driver/src/stm32f10x_flash.o
FLASH_GetFlagStatus                               Libraries/STM32F10x_StdPeriph_Driver/src/stm32f10x_flash.o
FLASH_GetPrefetchBufferStatus                     Libraries/STM32F10x_StdPeriph_Driver/src/stm32f10x_flash.o
FLASH_GetReadOutProtectionStatus                  Libraries/STM32F10x_StdPeriph_Driver/src/stm32f10x_flash.o
FLASH_GetStatus                                   Libraries/STM32F10x_StdPeriph_Driver/src/stm32f10x_flash.o
FLASH_GetUserOptionByte                           Libraries/STM32F10x_StdPeriph_Driver/src/stm32f10x_flash.o
FLASH_GetWriteProtectionOptionByte                Libraries/STM32F10x_StdPeriph_Driver/src/stm32f10x_flash.o
FLASH_HalfCycleAccessCmd                          Libraries/STM32F10x_StdPeriph_Driver/src/stm32f10x_flash.o
FLASH_IRQHandler                                  src/startup_stm32f10x_md_vl.o
FLASH_ITConfig                                    Libraries/STM32F10x_StdPeriph_Driver/src/stm32f10x_flash.o
FLASH_Lock                                        Libraries/STM32F10x_StdPeriph_Driver/src/stm32f10x_flash.o
FLASH_LockBank1                                   Libraries/STM32F10x_StdPeriph_Driver/src/stm32f10x_flash.o
FLASH_PrefetchBufferCmd                           Libraries/STM32F10x_StdPeriph_Driver/src/stm32f10x_flash.o
FLASH_ProgramHalfWord                             Libraries/STM32F10x_StdPeriph_Driver/src/stm32f10x_flash.o
FLASH_ProgramOptionByteData                       Libraries/STM32F10x_StdPeriph_Driver/src/stm32f10x_flash.o
FLASH_ProgramWord                                 Libraries/STM32F10x_StdPeriph_Driver/src/stm32f10x_flash.o
FLASH_ReadOutProtection                           Libraries/STM32F10x_StdPeriph_Driver/src/stm32f10x_flash.o
FLASH_SetLatency                                  Libraries/STM32F10x_StdPeriph_Driver/src/stm32f10x_flash.o
FLASH_Unlock                                      Libraries/STM32F10x_StdPeriph_Driver/src/stm32f10x_flash.o
FLASH_UnlockBank1                                 Libraries/STM32F10x_StdPeriph_Driver/src/stm32f10x_flash.o
FLASH_UserOptionByteConfig                        Libraries/STM32F10x_StdPeriph_Driver/src/stm32f10x_flash.o
FLASH_WaitForLastBank1Operation                   Libraries/STM32F10x_StdPeriph_Driver/src/stm32f10x_flash.o
FLASH_WaitForLastOperation                        Libraries/STM32F10x_StdPeriph_Driver/src/stm32f10x_flash.o
FSMC_ClearFlag                                    Libraries/STM32F10x_StdPeriph_Driver/src/stm32f10x_fsmc.o
FSMC_ClearITPendingBit                            Libraries/STM32F10x_StdPeriph_Driver/src/stm32f10x_fsmc.o
FSMC_GetECC                                       Libraries/STM32F10x_StdPeriph_Driver/src/stm32f10x_fsmc.o
FSMC_GetFlagStatus                                Libraries/STM32F10x_StdPeriph_Driver/src/stm32f10x_fsmc.o
FSMC_GetITStatus                                  Libraries/STM32F10x_StdPeriph_Driver/src/stm32f10x_fsmc.o
FSMC_ITConfig                                     Libraries/STM32F10x_StdPeriph_Driver/src/stm32f10x_fsmc.o
FSMC_NANDCmd                                      Libraries/STM32F10x_StdPeriph_Driver/src/stm32f10x_fsmc.o
FSMC_NANDDeInit                                   Libraries/STM32F10x_StdPeriph_Driver/src/stm32f10x_fsmc.o
FSMC_NANDECCCmd                                   Libraries/STM32F10x_StdPeriph_Driver/src/stm32f10x_fsmc.o
FSMC_NANDInit                                     Libraries/STM32F10x_StdPeriph_Driver/src/stm32f10x_fsmc.o
FSMC_NANDStructInit                               Libraries/STM32F10x_StdPeriph_Driver/src/stm32f10x_fsmc.o
FSMC_NORSRAMCmd                                   Libraries/STM32F10x_StdPeriph_Driver/src/stm32f10x_fsmc.o
FSMC_NORSRAMDeInit                                Libraries/STM32F10x_StdPeriph_Driver/src/stm32f10x_fsmc.o
FSMC_NORSRAMInit                                  Libraries/STM32F10x_StdPeriph_Driver/src/stm32f10x_fsmc.o
FSMC_NORSRAMStructInit                            Libraries/STM32F10x_StdPeriph_Driver/src/stm32f10x_fsmc.o
FSMC_PCCARDCmd                                    Libraries/STM32F10x_StdPeriph_Driver/src/stm32f10x_fsmc.o
FSMC_PCCARDDeInit                                 Libraries/STM32F10x_StdPeriph_Driver/src/stm32f10x_fsmc.o
FSMC_PCCARDInit                                   Libraries/STM32F10x_StdPeriph_Driver/src/stm32f10x_fsmc.o
FSMC_PCCARDStructInit                             Libraries/STM32F10x_StdPeriph_Driver/src/stm32f10x_fsmc.o
GPIO_AFIODeInit                                   Libraries/STM32F10x_StdPeriph_Driver/src/stm32f10x_gpio.o
GPIO_DeInit                                       Libraries/STM32F10x_StdPeriph_Driver/src/stm32f10x_gpio.o
GPIO_ETH_MediaInterfaceConfig                     Libraries/STM32F10x_StdPeriph_Driver/src/stm32f10x_gpio.o
GPIO_EXTILineConfig                               Libraries/STM32F10x_StdPeriph_Driver/src/stm32f10x_gpio.o
GPIO_EventOutputCmd                               Libraries/STM32F10x_StdPeriph_Driver/src/stm32f10x_gpio.o
GPIO_EventOutputConfig                            Libraries/STM32F10x_StdPeriph_Driver/src/stm32f10x_gpio.o
GPIO_Init                                         Libraries/STM32F10x_StdPeriph_Driver/src/stm32f10x_gpio.o
GPIO_PinLockConfig                                Libraries/STM32F10x_StdPeriph_Driver/src/stm32f10x_gpio.o
GPIO_PinRemapConfig                               Libraries/STM32F10x_StdPeriph_Driver/src/stm32f10x_gpio.o
GPIO_ReadInputData                                Libraries/STM32F10x_StdPeriph_Driver/src/stm32f10x_gpio.o
GPIO_ReadInputDataBit                             Libraries/STM32F10x_StdPeriph_Driver/src/stm32f10x_gpio.o
GPIO_ReadOutputData                               Libraries/STM32F10x_StdPeriph_Driver/src/stm32f10x_gpio.o
GPIO_ReadOutputDataBit                            Libraries/STM32F10x_StdPeriph_Driver/src/stm32f10x_gpio.o
GPIO_ResetBits                                    Libraries/STM32F10x_StdPeriph_Driver/src/stm32f10x_gpio.o
GPIO_SetBits                                      Libraries/STM32F10x_StdPeriph_Driver/src/stm32f10x_gpio.o
GPIO_StructInit                                   Libraries/STM32F10x_StdPeriph_Driver/src/stm32f10x_gpio.o
GPIO_Write                                        Libraries/STM32F10x_StdPeriph_Driver/src/stm32f10x_gpio.o
GPIO_WriteBit                                     Libraries/STM32F10x_StdPeriph_Driver/src/stm32f10x_gpio.o
HardFault_Handler                                 src/stm32f1xx_it.o
                                                  src/startup_stm32f10x_md_vl.o
I2C1_ER_IRQHandler                                src/startup_stm32f10x_md_vl.o
I2C1_EV_IRQHandler                                src/startup_stm32f10x_md_vl.o
I2C2_ER_IRQHandler                                src/startup_stm32f10x_md_vl.o
I2C2_EV_IRQHandler                                src/startup_stm32f10x_md_vl.o
I2C_ARPCmd                                        Libraries/STM32F10x_StdPeriph_Driver/src/stm32f10x_i2c.o
I2C_AcknowledgeConfig                             Libraries/STM32F10x_StdPeriph_Driver/src/stm32f10x_i2c.o
I2C_CalculatePEC                                  Libraries/STM32F10x_StdPeriph_Driver/src/stm32f10x_i2c.o
I2C_CheckEvent                                    Libraries/STM32F10x_StdPeriph_Driver/src/stm32f10x_i2c.o
I2C_ClearFlag                                     Libraries/STM32F10x_StdPeriph_Driver/src/stm32f10x_i2c.o
I2C_ClearITPendingBit                             Libraries/STM32F10x_StdPeriph_Driver/src/stm32f10x_i2c.o
I2C_Cmd                                           Libraries/STM32F10x_StdPeriph_Driver/src/stm32f10x_i2c.o
I2C_DMACmd                                        Libraries/STM32F10x_StdPeriph_Driver/src/stm32f10x_i2c.o
I2C_DMALastTransferCmd                            Libraries/STM32F10x_StdPeriph_Driver/src/stm32f10x_i2c.o
I2C_DeInit                                        Libraries/STM32F10x_StdPeriph_Driver/src/stm32f10x_i2c.o
I2C_DualAddressCmd                                Libraries/STM32F10x_StdPeriph_Driver/src/stm32f10x_i2c.o
I2C_FastModeDutyCycleConfig                       Libraries/STM32F10x_StdPeriph_Driver/src/stm32f10x_i2c.o
I2C_GeneralCallCmd                                Libraries/STM32F10x_StdPeriph_Driver/src/stm32f10x_i2c.o
I2C_GenerateSTART                                 Libraries/STM32F10x_StdPeriph_Driver/src/stm32f10x_i2c.o
I2C_GenerateSTOP                                  Libraries/STM32F10x_StdPeriph_Driver/src/stm32f10x_i2c.o
I2C_GetFlagStatus                                 Libraries/STM32F10x_StdPeriph_Driver/src/stm32f10x_i2c.o
I2C_GetITStatus                                   Libraries/STM32F10x_StdPeriph_Driver/src/stm32f10x_i2c.o
I2C_GetLastEvent                                  Libraries/STM32F10x_StdPeriph_Driver/src/stm32f10x_i2c.o
I2C_GetPEC                                        Libraries/STM32F10x_StdPeriph_Driver/src/stm32f10x_i2c.o
I2C_ITConfig                                      Libraries/STM32F10x_StdPeriph_Driver/src/stm32f10x_i2c.o
I2C_Init                                          Libraries/STM32F10x_StdPeriph_Driver/src/stm32f10x_i2c.o
I2C_NACKPositionConfig                            Libraries/STM32F10x_StdPeriph_Driver/src/stm32f10x_i2c.o
I2C_OwnAddress2Config                             Libraries/STM32F10x_StdPeriph_Driver/src/stm32f10x_i2c.o
I2C_PECPositionConfig                             Libraries/STM32F10x_StdPeriph_Driver/src/stm32f10x_i2c.o
I2C_ReadRegister                                  Libraries/STM32F10x_StdPeriph_Driver/src/stm32f10x_i2c.o
I2C_ReceiveData                                   Libraries/STM32F10x_StdPeriph_Driver/src/stm32f10x_i2c.o
I2C_SMBusAlertConfig                              Libraries/STM32F10x_StdPeriph_Driver/src/stm32f10x_i2c.o
I2C_Send7bitAddress                               Libraries/STM32F10x_StdPeriph_Driver/src/stm32f10x_i2c.o
I2C_SendData                                      Libraries/STM32F10x_StdPeriph_Driver/src/stm32f10x_i2c.o
I2C_SoftwareResetCmd                              Libraries/STM32F10x_StdPeriph_Driver/src/stm32f10x_i2c.o
I2C_StretchClockCmd                               Libraries/STM32F10x_StdPeriph_Driver/src/stm32f10x_i2c.o
I2C_StructInit                                    Libraries/STM32F10x_StdPeriph_Driver/src/stm32f10x_i2c.o
I2C_TransmitPEC                                   Libraries/STM32F10x_StdPeriph_Driver/src/stm32f10x_i2c.o
I2S_Cmd                                           Libraries/STM32F10x_StdPeriph_Driver/src/stm32f10x_spi.o
I2S_Init                                          Libraries/STM32F10x_StdPeriph_Driver/src/stm32f10x_spi.o
I2S_StructInit                                    Libraries/STM32F10x_StdPeriph_Driver/src/stm32f10x_spi.o
IWDG_Enable                                       Libraries/STM32F10x_StdPeriph_Driver/src/stm32f10x_iwdg.o
IWDG_GetFlagStatus                                Libraries/STM32F10x_StdPeriph_Driver/src/stm32f10x_iwdg.o
IWDG_ReloadCounter                                Libraries/STM32F10x_StdPeriph_Driver/src/stm32f10x_iwdg.o
IWDG_SetPrescaler                                 Libraries/STM32F10x_StdPeriph_Driver/src/stm32f10x_iwdg.o
IWDG_SetReload                                    Libraries/STM32F10x_StdPeriph_Driver/src/stm32f10x_iwdg.o
IWDG_WriteAccessCmd                               Libraries/STM32F10x_StdPeriph_Driver/src/stm32f10x_iwdg.o
MemManage_Handler                                 src/stm32f1xx_it.o
                                                  src/startup_stm32f10x_md_vl.o
NMI_Handler                                       src/stm32f1xx_it.o
                                                  src/startup_stm32f10x_md_vl.o
NVIC_Init                                         Libraries/STM32F10x_StdPeriph_Driver/src/misc.o
NVIC_PriorityGroupConfig                          Libraries/STM32F10x_StdPeriph_Driver/src/misc.o
NVIC_SetVectorTable                               Libraries/STM32F10x_StdPeriph_Driver/src/misc.o
NVIC_SystemLPConfig                               Libraries/STM32F10x_StdPeriph_Driver/src/misc.o
PVD_IRQHandler                                    src/startup_stm32f10x_md_vl.o
PWR_BackupAccessCmd                               Libraries/STM32F10x_StdPeriph_Driver/src/stm32f10x_pwr.o
PWR_ClearFlag                                     Libraries/STM32F10x_StdPeriph_Driver/src/stm32f10x_pwr.o
PWR_DeInit                                        Libraries/STM32F10x_StdPeriph_Driver/src/stm32f10x_pwr.o
PWR_EnterSTANDBYMode                              Libraries/STM32F10x_StdPeriph_Driver/src/stm32f10x_pwr.o
PWR_EnterSTOPMode                                 Libraries/STM32F10x_StdPeriph_Driver/src/stm32f10x_pwr.o
PWR_GetFlagStatus                                 Libraries/STM32F10x_StdPeriph_Driver/src/stm32f10x_pwr.o
PWR_PVDCmd                                        Libraries/STM32F10x_StdPeriph_Driver/src/stm32f10x_pwr.o
PWR_PVDLevelConfig                                Libraries/STM32F10x_StdPeriph_Driver/src/stm32f10x_pwr.o
PWR_WakeUpPinCmd                                  Libraries/STM32F10x_StdPeriph_Driver/src/stm32f10x_pwr.o
PendSV_Handler                                    src/stm32f1xx_it.o
                                                  src/startup_stm32f10x_md_vl.o
RCC_ADCCLKConfig                                  Libraries/STM32F10x_StdPeriph_Driver/src/stm32f10x_rcc.o
RCC_AHBPeriphClockCmd                             Libraries/STM32F10x_StdPeriph_Driver/src/stm32f10x_rcc.o
RCC_APB1PeriphClockCmd                            Libraries/STM32F10x_StdPeriph_Driver/src/stm32f10x_rcc.o
RCC_APB1PeriphResetCmd                            Libraries/STM32F10x_StdPeriph_Driver/src/stm32f10x_rcc.o
                                                  Libraries/STM32F10x_StdPeriph_Driver/src/stm32f10x_wwdg.o
                                                  Libraries/STM32F10x_StdPeriph_Driver/src/stm32f10x_usart.o
                                                  Libraries/STM32F10x_StdPeriph_Driver/src/stm32f10x_tim.o
                                                  Libraries/STM32F10x_StdPeriph_Driver/src/stm32f10x_spi.o
                                                  Libraries/STM32F10x_StdPeriph_Driver/src/stm32f10x_pwr.o
                                                  Libraries/STM32F10x_StdPeriph_Driver/src/stm32f10x_i2c.o
                                                  Libraries/STM32F10x_StdPeriph_Driver/src/stm32f10x_dac.o
                                                  Libraries/STM32F10x_StdPeriph_Driver/src/stm32f10x_cec.o
                                                  Libraries/STM32F10x_StdPeriph_Driver/src/stm32f10x_can.o
RCC_APB2PeriphClockCmd                            Libraries/STM32F10x_StdPeriph_Driver/src/stm32f10x_rcc.o
RCC_APB2PeriphResetCmd                            Libraries/STM32F10x_StdPeriph_Driver/src/stm32f10x_rcc.o
                                                  Libraries/STM32F10x_StdPeriph_Driver/src/stm32f10x_usart.o
                                                  Libraries/STM32F10x_StdPeriph_Driver/src/stm32f10x_tim.o
                                                  Libraries/STM32F10x_StdPeriph_Driver/src/stm32f10x_spi.o
                                                  Libraries/STM32F10x_StdPeriph_Driver/src/stm32f10x_gpio.o
                                                  Libraries/STM32F10x_StdPeriph_Driver/src/stm32f10x_adc.o
RCC_AdjustHSICalibrationValue                     Libraries/STM32F10x_StdPeriph_Driver/src/stm32f10x_rcc.o
RCC_BackupResetCmd                                Libraries/STM32F10x_StdPeriph_Driver/src/stm32f10x_rcc.o
                                                  Libraries/STM32F10x_StdPeriph_Driver/src/stm32f10x_bkp.o
RCC_ClearFlag                                     Libraries/STM32F10x_StdPeriph_Driver/src/stm32f10x_rcc.o
RCC_ClearITPendingBit                             Libraries/STM32F10x_StdPeriph_Driver/src/stm32f10x_rcc.o
RCC_ClockSecuritySystemCmd                        Libraries/STM32F10x_StdPeriph_Driver/src/stm32f10x_rcc.o
RCC_DeInit                                        Libraries/STM32F10x_StdPeriph_Driver/src/stm32f10x_rcc.o
RCC_GetClocksFreq                                 Libraries/STM32F10x_StdPeriph_Driver/src/stm32f10x_rcc.o
                                                  Libraries/STM32F10x_StdPeriph_Driver/src/stm32f10x_usart.o
                                                  Libraries/STM32F10x_StdPeriph_Driver/src/stm32f10x_spi.o
                                                  Libraries/STM32F10x_StdPeriph_Driver/src/stm32f10x_i2c.o
RCC_GetFlagStatus                                 Libraries/STM32F10x_StdPeriph_Driver/src/stm32f10x_rcc.o
RCC_GetITStatus                                   Libraries/STM32F10x_StdPeriph_Driver/src/stm32f10x_rcc.o
RCC_GetSYSCLKSource                               Libraries/STM32F10x_StdPeriph_Driver/src/stm32f10x_rcc.o
RCC_HCLKConfig                                    Libraries/STM32F10x_StdPeriph_Driver/src/stm32f10x_rcc.o
RCC_HSEConfig                                     Libraries/STM32F10x_StdPeriph_Driver/src/stm32f10x_rcc.o
RCC_HSICmd                                        Libraries/STM32F10x_StdPeriph_Driver/src/stm32f10x_rcc.o
RCC_IRQHandler                                    src/startup_stm32f10x_md_vl.o
RCC_ITConfig                                      Libraries/STM32F10x_StdPeriph_Driver/src/stm32f10x_rcc.o
RCC_LSEConfig                                     Libraries/STM32F10x_StdPeriph_Driver/src/stm32f10x_rcc.o
RCC_LSICmd                                        Libraries/STM32F10x_StdPeriph_Driver/src/stm32f10x_rcc.o
RCC_MCOConfig                                     Libraries/STM32F10x_StdPeriph_Driver/src/stm32f10x_rcc.o
RCC_PCLK1Config                                   Libraries/STM32F10x_StdPeriph_Driver/src/stm32f10x_rcc.o
RCC_PCLK2Config                                   Libraries/STM32F10x_StdPeriph_Driver/src/stm32f10x_rcc.o
RCC_PLLCmd                                        Libraries/STM32F10x_StdPeriph_Driver/src/stm32f10x_rcc.o
RCC_PLLConfig                                     Libraries/STM32F10x_StdPeriph_Driver/src/stm32f10x_rcc.o
RCC_PREDIV1Config                                 Libraries/STM32F10x_StdPeriph_Driver/src/stm32f10x_rcc.o
RCC_RTCCLKCmd                                     Libraries/STM32F10x_StdPeriph_Driver/src/stm32f10x_rcc.o
RCC_RTCCLKConfig                                  Libraries/STM32F10x_StdPeriph_Driver/src/stm32f10x_rcc.o
RCC_SYSCLKConfig                                  Libraries/STM32F10x_StdPeriph_Driver/src/stm32f10x_rcc.o
RCC_USBCLKConfig                                  Libraries/STM32F10x_StdPeriph_Driver/src/stm32f10x_rcc.o
RCC_WaitForHSEStartUp                             Libraries/STM32F10x_StdPeriph_Driver/src/stm32f10x_rcc.o
RTCAlarm_IRQHandler                               src/startup_stm32f10x_md_vl.o
RTC_ClearFlag                                     Libraries/STM32F10x_StdPeriph_Driver/src/stm32f10x_rtc.o
RTC_ClearITPendingBit                             Libraries/STM32F10x_StdPeriph_Driver/src/stm32f10x_rtc.o
RTC_EnterConfigMode                               Libraries/STM32F10x_StdPeriph_Driver/src/stm32f10x_rtc.o
RTC_ExitConfigMode                                Libraries/STM32F10x_StdPeriph_Driver/src/stm32f10x_rtc.o
RTC_GetCounter                                    Libraries/STM32F10x_StdPeriph_Driver/src/stm32f10x_rtc.o
RTC_GetDivider                                    Libraries/STM32F10x_StdPeriph_Driver/src/stm32f10x_rtc.o
RTC_GetFlagStatus                                 Libraries/STM32F10x_StdPeriph_Driver/src/stm32f10x_rtc.o
RTC_GetITStatus                                   Libraries/STM32F10x_StdPeriph_Driver/src/stm32f10x_rtc.o
RTC_IRQHandler                                    src/startup_stm32f10x_md_vl.o
RTC_ITConfig                                      Libraries/STM32F10x_StdPeriph_Driver/src/stm32f10x_rtc.o
RTC_SetAlarm                                      Libraries/STM32F10x_StdPeriph_Driver/src/stm32f10x_rtc.o
RTC_SetCounter                                    Libraries/STM32F10x_StdPeriph_Driver/src/stm32f10x_rtc.o
RTC_SetPrescaler                                  Libraries/STM32F10x_StdPeriph_Driver/src/stm32f10x_rtc.o
RTC_WaitForLastTask                               Libraries/STM32F10x_StdPeriph_Driver/src/stm32f10x_rtc.o
RTC_WaitForSynchro                                Libraries/STM32F10x_StdPeriph_Driver/src/stm32f10x_rtc.o
Reset_Handler                                     src/startup_stm32f10x_md_vl.o
SDIO_CEATAITCmd                                   Libraries/STM32F10x_StdPeriph_Driver/src/stm32f10x_sdio.o
SDIO_ClearFlag                                    Libraries/STM32F10x_StdPeriph_Driver/src/stm32f10x_sdio.o
SDIO_ClearITPendingBit                            Libraries/STM32F10x_StdPeriph_Driver/src/stm32f10x_sdio.o
SDIO_ClockCmd                                     Libraries/STM32F10x_StdPeriph_Driver/src/stm32f10x_sdio.o
SDIO_CmdStructInit                                Libraries/STM32F10x_StdPeriph_Driver/src/stm32f10x_sdio.o
SDIO_CommandCompletionCmd                         Libraries/STM32F10x_StdPeriph_Driver/src/stm32f10x_sdio.o
SDIO_DMACmd                                       Libraries/STM32F10x_StdPeriph_Driver/src/stm32f10x_sdio.o
SDIO_DataConfig                                   Libraries/STM32F10x_StdPeriph_Driver/src/stm32f10x_sdio.o
SDIO_DataStructInit                               Libraries/STM32F10x_StdPeriph_Driver/src/stm32f10x_sdio.o
SDIO_DeInit                                       Libraries/STM32F10x_StdPeriph_Driver/src/stm32f10x_sdio.o
SDIO_GetCommandResponse                           Libraries/STM32F10x_StdPeriph_Driver/src/stm32f10x_sdio.o
SDIO_GetDataCounter                               Libraries/STM32F10x_StdPeriph_Driver/src/stm32f10x_sdio.o
SDIO_GetFIFOCount                                 Libraries/STM32F10x_StdPeriph_Driver/src/stm32f10x_sdio.o
SDIO_GetFlagStatus                                Libraries/STM32F10x_StdPeriph_Driver/src/stm32f10x_sdio.o
SDIO_GetITStatus                                  Libraries/STM32F10x_StdPeriph_Driver/src/stm32f10x_sdio.o
SDIO_GetPowerState                                Libraries/STM32F10x_StdPeriph_Driver/src/stm32f10x_sdio.o
SDIO_GetResponse                                  Libraries/STM32F10x_StdPeriph_Driver/src/stm32f10x_sdio.o
SDIO_ITConfig                                     Libraries/STM32F10x_StdPeriph_Driver/src/stm32f10x_sdio.o
SDIO_Init                                         Libraries/STM32F10x_StdPeriph_Driver/src/stm32f10x_sdio.o
SDIO_ReadData                                     Libraries/STM32F10x_StdPeriph_Driver/src/stm32f10x_sdio.o
SDIO_SendCEATACmd                                 Libraries/STM32F10x_StdPeriph_Driver/src/stm32f10x_sdio.o
SDIO_SendCommand                                  Libraries/STM32F10x_StdPeriph_Driver/src/stm32f10x_sdio.o
SDIO_SendSDIOSuspendCmd                           Libraries/STM32F10x_StdPeriph_Driver/src/stm32f10x_sdio.o
SDIO_SetPowerState                                Libraries/STM32F10x_StdPeriph_Driver/src/stm32f10x_sdio.o
SDIO_SetSDIOOperation                             Libraries/STM32F10x_StdPeriph_Driver/src/stm32f10x_sdio.o
SDIO_SetSDIOReadWaitMode                          Libraries/STM32F10x_StdPeriph_Driver/src/stm32f10x_sdio.o
SDIO_StartSDIOReadWait                            Libraries/STM32F10x_StdPeriph_Driver/src/stm32f10x_sdio.o
SDIO_StopSDIOReadWait                             Libraries/STM32F10x_StdPeriph_Driver/src/stm32f10x_sdio.o
SDIO_StructInit                                   Libraries/STM32F10x_StdPeriph_Driver/src/stm32f10x_sdio.o
SDIO_WriteData                                    Libraries/STM32F10x_StdPeriph_Driver/src/stm32f10x_sdio.o
SPI1_IRQHandler                                   src/startup_stm32f10x_md_vl.o
SPI2_IRQHandler                                   src/startup_stm32f10x_md_vl.o
SPI_BiDirectionalLineConfig                       Libraries/STM32F10x_StdPeriph_Driver/src/stm32f10x_spi.o
SPI_CalculateCRC                                  Libraries/STM32F10x_StdPeriph_Driver/src/stm32f10x_spi.o
SPI_Cmd                                           Libraries/STM32F10x_StdPeriph_Driver/src/stm32f10x_spi.o
SPI_DataSizeConfig                                Libraries/STM32F10x_StdPeriph_Driver/src/stm32f10x_spi.o
SPI_GetCRC                                        Libraries/STM32F10x_StdPeriph_Driver/src/stm32f10x_spi.o
SPI_GetCRCPolynomial                              Libraries/STM32F10x_StdPeriph_Driver/src/stm32f10x_spi.o
SPI_I2S_ClearFlag                                 Libraries/STM32F10x_StdPeriph_Driver/src/stm32f10x_spi.o
SPI_I2S_ClearITPendingBit                         Libraries/STM32F10x_StdPeriph_Driver/src/stm32f10x_spi.o
SPI_I2S_DMACmd                                    Libraries/STM32F10x_StdPeriph_Driver/src/stm32f10x_spi.o
SPI_I2S_DeInit                                    Libraries/STM32F10x_StdPeriph_Driver/src/stm32f10x_spi.o
SPI_I2S_GetFlagStatus                             Libraries/STM32F10x_StdPeriph_Driver/src/stm32f10x_spi.o
SPI_I2S_GetITStatus                               Libraries/STM32F10x_StdPeriph_Driver/src/stm32f10x_spi.o
SPI_I2S_ITConfig                                  Libraries/STM32F10x_StdPeriph_Driver/src/stm32f10x_spi.o
SPI_I2S_ReceiveData                               Libraries/STM32F10x_StdPeriph_Driver/src/stm32f10x_spi.o
SPI_I2S_SendData                                  Libraries/STM32F10x_StdPeriph_Driver/src/stm32f10x_spi.o
SPI_Init                                          Libraries/STM32F10x_StdPeriph_Driver/src/stm32f10x_spi.o
SPI_NSSInternalSoftwareConfig                     Libraries/STM32F10x_StdPeriph_Driver/src/stm32f10x_spi.o
SPI_SSOutputCmd                                   Libraries/STM32F10x_StdPeriph_Driver/src/stm32f10x_spi.o
SPI_StructInit                                    Libraries/STM32F10x_StdPeriph_Driver/src/stm32f10x_spi.o
SPI_TransmitCRC                                   Libraries/STM32F10x_StdPeriph_Driver/src/stm32f10x_spi.o
SVC_Handler                                       src/stm32f1xx_it.o
                                                  src/startup_stm32f10x_md_vl.o
SysTick_CLKSourceConfig                           Libraries/STM32F10x_StdPeriph_Driver/src/misc.o
SysTick_Handler                                   src/startup_stm32f10x_md_vl.o
SystemCoreClock                                   src/system_stm32f10x.o
SystemCoreClockUpdate                             src/system_stm32f10x.o
SystemInit                                        src/system_stm32f10x.o
                                                  src/startup_stm32f10x_md_vl.o
TAMPER_IRQHandler                                 src/startup_stm32f10x_md_vl.o
TIM1_BRK_TIM15_IRQHandler                         src/startup_stm32f10x_md_vl.o
TIM1_CC_IRQHandler                                src/startup_stm32f10x_md_vl.o
TIM1_TRG_COM_TIM17_IRQHandler                     src/startup_stm32f10x_md_vl.o
TIM1_UP_TIM16_IRQHandler                          src/startup_stm32f10x_md_vl.o
TIM2_IRQHandler                                   src/startup_stm32f10x_md_vl.o
TIM3_IRQHandler                                   src/startup_stm32f10x_md_vl.o
TIM4_IRQHandler                                   src/startup_stm32f10x_md_vl.o
TIM6_DAC_IRQHandler                               src/startup_stm32f10x_md_vl.o
TIM7_IRQHandler                                   src/startup_stm32f10x_md_vl.o
TIM_ARRPreloadConfig                              Libraries/STM32F10x_StdPeriph_Driver/src/stm32f10x_tim.o
TIM_BDTRConfig                                    Libraries/STM32F10x_StdPeriph_Driver/src/stm32f10x_tim.o
TIM_BDTRStructInit                                Libraries/STM32F10x_StdPeriph_Driver/src/stm32f10x_tim.o
TIM_CCPreloadControl                              Libraries/STM32F10x_StdPeriph_Driver/src/stm32f10x_tim.o
TIM_CCxCmd                                        Libraries/STM32F10x_StdPeriph_Driver/src/stm32f10x_tim.o
TIM_CCxNCmd                                       Libraries/STM32F10x_StdPeriph_Driver/src/stm32f10x_tim.o
TIM_ClearFlag                                     Libraries/STM32F10x_StdPeriph_Driver/src/stm32f10x_tim.o
TIM_ClearITPendingBit                             Libraries/STM32F10x_StdPeriph_Driver/src/stm32f10x_tim.o
TIM_ClearOC1Ref                                   Libraries/STM32F10x_StdPeriph_Driver/src/stm32f10x_tim.o
TIM_ClearOC2Ref                                   Libraries/STM32F10x_StdPeriph_Driver/src/stm32f10x_tim.o
TIM_ClearOC3Ref                                   Libraries/STM32F10x_StdPeriph_Driver/src/stm32f10x_tim.o
TIM_ClearOC4Ref                                   Libraries/STM32F10x_StdPeriph_Driver/src/stm32f10x_tim.o
TIM_Cmd                                           Libraries/STM32F10x_StdPeriph_Driver/src/stm32f10x_tim.o
TIM_CounterModeConfig                             Libraries/STM32F10x_StdPeriph_Driver/src/stm32f10x_tim.o
TIM_CtrlPWMOutputs                                Libraries/STM32F10x_StdPeriph_Driver/src/stm32f10x_tim.o
TIM_DMACmd                                        Libraries/STM32F10x_StdPeriph_Driver/src/stm32f10x_tim.o
TIM_DMAConfig                                     Libraries/STM32F10x_StdPeriph_Driver/src/stm32f10x_tim.o
TIM_DeInit                                        Libraries/STM32F10x_StdPeriph_Driver/src/stm32f10x_tim.o
TIM_ETRClockMode1Config                           Libraries/STM32F10x_StdPeriph_Driver/src/stm32f10x_tim.o
TIM_ETRClockMode2Config                           Libraries/STM32F10x_StdPeriph_Driver/src/stm32f10x_tim.o
TIM_ETRConfig                                     Libraries/STM32F10x_StdPeriph_Driver/src/stm32f10x_tim.o
TIM_EncoderInterfaceConfig                        Libraries/STM32F10x_StdPeriph_Driver/src/stm32f10x_tim.o
TIM_ForcedOC1Config                               Libraries/STM32F10x_StdPeriph_Driver/src/stm32f10x_tim.o
TIM_ForcedOC2Config                               Libraries/STM32F10x_StdPeriph_Driver/src/stm32f10x_tim.o
TIM_ForcedOC3Config                               Libraries/STM32F10x_StdPeriph_Driver/src/stm32f10x_tim.o
TIM_ForcedOC4Config                               Libraries/STM32F10x_StdPeriph_Driver/src/stm32f10x_tim.o
TIM_GenerateEvent                                 Libraries/STM32F10x_StdPeriph_Driver/src/stm32f10x_tim.o
TIM_GetCapture1                                   Libraries/STM32F10x_StdPeriph_Driver/src/stm32f10x_tim.o
TIM_GetCapture2                                   Libraries/STM32F10x_StdPeriph_Driver/src/stm32f10x_tim.o
TIM_GetCapture3                                   Libraries/STM32F10x_StdPeriph_Driver/src/stm32f10x_tim.o
TIM_GetCapture4                                   Libraries/STM32F10x_StdPeriph_Driver/src/stm32f10x_tim.o
TIM_GetCounter                                    Libraries/STM32F10x_StdPeriph_Driver/src/stm32f10x_tim.o
TIM_GetFlagStatus                                 Libraries/STM32F10x_StdPeriph_Driver/src/stm32f10x_tim.o
TIM_GetITStatus                                   Libraries/STM32F10x_StdPeriph_Driver/src/stm32f10x_tim.o
TIM_GetPrescaler                                  Libraries/STM32F10x_StdPeriph_Driver/src/stm32f10x_tim.o
TIM_ICInit                                        Libraries/STM32F10x_StdPeriph_Driver/src/stm32f10x_tim.o
TIM_ICStructInit                                  Libraries/STM32F10x_StdPeriph_Driver/src/stm32f10x_tim.o
TIM_ITConfig                                      Libraries/STM32F10x_StdPeriph_Driver/src/stm32f10x_tim.o
TIM_ITRxExternalClockConfig                       Libraries/STM32F10x_StdPeriph_Driver/src/stm32f10x_tim.o
TIM_InternalClockConfig                           Libraries/STM32F10x_StdPeriph_Driver/src/stm32f10x_tim.o
TIM_OC1FastConfig                                 Libraries/STM32F10x_StdPeriph_Driver/src/stm32f10x_tim.o
TIM_OC1Init                                       Libraries/STM32F10x_StdPeriph_Driver/src/stm32f10x_tim.o
TIM_OC1NPolarityConfig                            Libraries/STM32F10x_StdPeriph_Driver/src/stm32f10x_tim.o
TIM_OC1PolarityConfig                             Libraries/STM32F10x_StdPeriph_Driver/src/stm32f10x_tim.o
TIM_OC1PreloadConfig                              Libraries/STM32F10x_StdPeriph_Driver/src/stm32f10x_tim.o
TIM_OC2FastConfig                                 Libraries/STM32F10x_StdPeriph_Driver/src/stm32f10x_tim.o
TIM_OC2Init                                       Libraries/STM32F10x_StdPeriph_Driver/src/stm32f10x_tim.o
TIM_OC2NPolarityConfig                            Libraries/STM32F10x_StdPeriph_Driver/src/stm32f10x_tim.o
TIM_OC2PolarityConfig                             Libraries/STM32F10x_StdPeriph_Driver/src/stm32f10x_tim.o
TIM_OC2PreloadConfig                              Libraries/STM32F10x_StdPeriph_Driver/src/stm32f10x_tim.o
TIM_OC3FastConfig                                 Libraries/STM32F10x_StdPeriph_Driver/src/stm32f10x_tim.o
TIM_OC3Init                                       Libraries/STM32F10x_StdPeriph_Driver/src/stm32f10x_tim.o
TIM_OC3NPolarityConfig                            Libraries/STM32F10x_StdPeriph_Driver/src/stm32f10x_tim.o
TIM_OC3PolarityConfig                             Libraries/STM32F10x_StdPeriph_Driver/src/stm32f10x_tim.o
TIM_OC3PreloadConfig                              Libraries/STM32F10x_StdPeriph_Driver/src/stm32f10x_tim.o
TIM_OC4FastConfig                                 Libraries/STM32F10x_StdPeriph_Driver/src/stm32f10x_tim.o
TIM_OC4Init                                       Libraries/STM32F10x_StdPeriph_Driver/src/stm32f10x_tim.o
TIM_OC4PolarityConfig                             Libraries/STM32F10x_StdPeriph_Driver/src/stm32f10x_tim.o
TIM_OC4PreloadConfig                              Libraries/STM32F10x_StdPeriph_Driver/src/stm32f10x_tim.o
TIM_OCStructInit                                  Libraries/STM32F10x_StdPeriph_Driver/src/stm32f10x_tim.o
TIM_PWMIConfig                                    Libraries/STM32F10x_StdPeriph_Driver/src/stm32f10x_tim.o
TIM_PrescalerConfig                               Libraries/STM32F10x_StdPeriph_Driver/src/stm32f10x_tim.o
TIM_SelectCCDMA                                   Libraries/STM32F10x_StdPeriph_Driver/src/stm32f10x_tim.o
TIM_SelectCOM                                     Libraries/STM32F10x_StdPeriph_Driver/src/stm32f10x_tim.o
TIM_SelectHallSensor                              Libraries/STM32F10x_StdPeriph_Driver/src/stm32f10x_tim.o
TIM_SelectInputTrigger                            Libraries/STM32F10x_StdPeriph_Driver/src/stm32f10x_tim.o
TIM_SelectMasterSlaveMode                         Libraries/STM32F10x_StdPeriph_Driver/src/stm32f10x_tim.o
TIM_SelectOCxM                                    Libraries/STM32F10x_StdPeriph_Driver/src/stm32f10x_tim.o
TIM_SelectOnePulseMode                            Libraries/STM32F10x_StdPeriph_Driver/src/stm32f10x_tim.o
TIM_SelectOutputTrigger                           Libraries/STM32F10x_StdPeriph_Driver/src/stm32f10x_tim.o
TIM_SelectSlaveMode                               Libraries/STM32F10x_StdPeriph_Driver/src/stm32f10x_tim.o
TIM_SetAutoreload                                 Libraries/STM32F10x_StdPeriph_Driver/src/stm32f10x_tim.o
TIM_SetClockDivision                              Libraries/STM32F10x_StdPeriph_Driver/src/stm32f10x_tim.o
TIM_SetCompare1                                   Libraries/STM32F10x_StdPeriph_Driver/src/stm32f10x_tim.o
TIM_SetCompare2                                   Libraries/STM32F10x_StdPeriph_Driver/src/stm32f10x_tim.o
TIM_SetCompare3                                   Libraries/STM32F10x_StdPeriph_Driver/src/stm32f10x_tim.o
TIM_SetCompare4                                   Libraries/STM32F10x_StdPeriph_Driver/src/stm32f10x_tim.o
TIM_SetCounter                                    Libraries/STM32F10x_StdPeriph_Driver/src/stm32f10x_tim.o
TIM_SetIC1Prescaler                               Libraries/STM32F10x_StdPeriph_Driver/src/stm32f10x_tim.o
TIM_SetIC2Prescaler                               Libraries/STM32F10x_StdPeriph_Driver/src/stm32f10x_tim.o
TIM_SetIC3Prescaler                               Libraries/STM32F10x_StdPeriph_Driver/src/stm32f10x_tim.o
TIM_SetIC4Prescaler                               Libraries/STM32F10x_StdPeriph_Driver/src/stm32f10x_tim.o
TIM_TIxExternalClockConfig                        Libraries/STM32F10x_StdPeriph_Driver/src/stm32f10x_tim.o
TIM_TimeBaseInit                                  Libraries/STM32F10x_StdPeriph_Driver/src/stm32f10x_tim.o
TIM_TimeBaseStructInit                            Libraries/STM32F10x_StdPeriph_Driver/src/stm32f10x_tim.o
TIM_UpdateDisableConfig                           Libraries/STM32F10x_StdPeriph_Driver/src/stm32f10x_tim.o
TIM_UpdateRequestConfig                           Libraries/STM32F10x_StdPeriph_Driver/src/stm32f10x_tim.o
USART1_IRQHandler                                 src/startup_stm32f10x_md_vl.o
USART2_IRQHandler                                 src/startup_stm32f10x_md_vl.o
USART3_IRQHandler                                 src/startup_stm32f10x_md_vl.o
USART_ClearFlag                                   Libraries/STM32F10x_StdPeriph_Driver/src/stm32f10x_usart.o
USART_ClearITPendingBit                           Libraries/STM32F10x_StdPeriph_Driver/src/stm32f10x_usart.o
USART_ClockInit                                   Libraries/STM32F10x_StdPeriph_Driver/src/stm32f10x_usart.o
USART_ClockStructInit                             Libraries/STM32F10x_StdPeriph_Driver/src/stm32f10x_usart.o
USART_Cmd                                         Libraries/STM32F10x_StdPeriph_Driver/src/stm32f10x_usart.o
USART_DMACmd                                      Libraries/STM32F10x_StdPeriph_Driver/src/stm32f10x_usart.o
USART_DeInit                                      Libraries/STM32F10x_StdPeriph_Driver/src/stm32f10x_usart.o
USART_GetFlagStatus                               Libraries/STM32F10x_StdPeriph_Driver/src/stm32f10x_usart.o
USART_GetITStatus                                 Libraries/STM32F10x_StdPeriph_Driver/src/stm32f10x_usart.o
USART_HalfDuplexCmd                               Libraries/STM32F10x_StdPeriph_Driver/src/stm32f10x_usart.o
USART_ITConfig                                    Libraries/STM32F10x_StdPeriph_Driver/src/stm32f10x_usart.o
USART_Init                                        Libraries/STM32F10x_StdPeriph_Driver/src/stm32f10x_usart.o
USART_IrDACmd                                     Libraries/STM32F10x_StdPeriph_Driver/src/stm32f10x_usart.o
USART_IrDAConfig                                  Libraries/STM32F10x_StdPeriph_Driver/src/stm32f10x_usart.o
USART_LINBreakDetectLengthConfig                  Libraries/STM32F10x_StdPeriph_Driver/src/stm32f10x_usart.o
USART_LINCmd                                      Libraries/STM32F10x_StdPeriph_Driver/src/stm32f10x_usart.o
USART_OneBitMethodCmd                             Libraries/STM32F10x_StdPeriph_Driver/src/stm32f10x_usart.o
USART_OverSampling8Cmd                            Libraries/STM32F10x_StdPeriph_Driver/src/stm32f10x_usart.o
USART_ReceiveData                                 Libraries/STM32F10x_StdPeriph_Driver/src/stm32f10x_usart.o
USART_ReceiverWakeUpCmd                           Libraries/STM32F10x_StdPeriph_Driver/src/stm32f10x_usart.o
USART_SendBreak                                   Libraries/STM32F10x_StdPeriph_Driver/src/stm32f10x_usart.o
USART_SendData                                    Libraries/STM32F10x_StdPeriph_Driver/src/stm32f10x_usart.o
USART_SetAddress                                  Libraries/STM32F10x_StdPeriph_Driver/src/stm32f10x_usart.o
USART_SetGuardTime                                Libraries/STM32F10x_StdPeriph_Driver/src/stm32f10x_usart.o
USART_SetPrescaler                                Libraries/STM32F10x_StdPeriph_Driver/src/stm32f10x_usart.o
USART_SmartCardCmd                                Libraries/STM32F10x_StdPeriph_Driver/src/stm32f10x_usart.o
USART_SmartCardNACKCmd                            Libraries/STM32F10x_StdPeriph_Driver/src/stm32f10x_usart.o
USART_StructInit                                  Libraries/STM32F10x_StdPeriph_Driver/src/stm32f10x_usart.o
USART_WakeUpConfig                                Libraries/STM32F10x_StdPeriph_Driver/src/stm32f10x_usart.o
UsageFault_Handler                                src/stm32f1xx_it.o
                                                  src/startup_stm32f10x_md_vl.o
WWDG_ClearFlag                                    Libraries/STM32F10x_StdPeriph_Driver/src/stm32f10x_wwdg.o
WWDG_DeInit                                       Libraries/STM32F10x_StdPeriph_Driver/src/stm32f10x_wwdg.o
WWDG_Enable                                       Libraries/STM32F10x_StdPeriph_Driver/src/stm32f10x_wwdg.o
WWDG_EnableIT                                     Libraries/STM32F10x_StdPeriph_Driver/src/stm32f10x_wwdg.o
WWDG_GetFlagStatus                                Libraries/STM32F10x_StdPeriph_Driver/src/stm32f10x_wwdg.o
WWDG_IRQHandler                                   src/startup_stm32f10x_md_vl.o
WWDG_SetCounter                                   Libraries/STM32F10x_StdPeriph_Driver/src/stm32f10x_wwdg.o
WWDG_SetPrescaler                                 Libraries/STM32F10x_StdPeriph_Driver/src/stm32f10x_wwdg.o
WWDG_SetWindowValue                               Libraries/STM32F10x_StdPeriph_Driver/src/stm32f10x_wwdg.o
__deregister_frame_info                           /opt/Atollic_TrueSTUDIO_for_STM32_x86_64_9.3.0/ARMTools/bin/../lib/gcc/arm-atollic-eabi/6.3.1/armv7-m/crtbegin.o
__dso_handle                                      /opt/Atollic_TrueSTUDIO_for_STM32_x86_64_9.3.0/ARMTools/bin/../lib/gcc/arm-atollic-eabi/6.3.1/armv7-m/crtbegin.o
__init_array_end                                  /opt/Atollic_TrueSTUDIO_for_STM32_x86_64_9.3.0/ARMTools/bin/../lib/gcc/arm-atollic-eabi/6.3.1/../../../../arm-atollic-eabi/lib/armv7-m/libc_nano.a(lib_a-init.o)
__init_array_start                                /opt/Atollic_TrueSTUDIO_for_STM32_x86_64_9.3.0/ARMTools/bin/../lib/gcc/arm-atollic-eabi/6.3.1/../../../../arm-atollic-eabi/lib/armv7-m/libc_nano.a(lib_a-init.o)
__libc_init_array                                 /opt/Atollic_TrueSTUDIO_for_STM32_x86_64_9.3.0/ARMTools/bin/../lib/gcc/arm-atollic-eabi/6.3.1/../../../../arm-atollic-eabi/lib/armv7-m/libc_nano.a(lib_a-init.o)
                                                  src/startup_stm32f10x_md_vl.o
__preinit_array_end                               /opt/Atollic_TrueSTUDIO_for_STM32_x86_64_9.3.0/ARMTools/bin/../lib/gcc/arm-atollic-eabi/6.3.1/../../../../arm-atollic-eabi/lib/armv7-m/libc_nano.a(lib_a-init.o)
__preinit_array_start                             /opt/Atollic_TrueSTUDIO_for_STM32_x86_64_9.3.0/ARMTools/bin/../lib/gcc/arm-atollic-eabi/6.3.1/../../../../arm-atollic-eabi/lib/armv7-m/libc_nano.a(lib_a-init.o)
__register_frame_info                             /opt/Atollic_TrueSTUDIO_for_STM32_x86_64_9.3.0/ARMTools/bin/../lib/gcc/arm-atollic-eabi/6.3.1/armv7-m/crtbegin.o
_ebss                                             src/startup_stm32f10x_md_vl.o
_edata                                            src/startup_stm32f10x_md_vl.o
_estack                                           src/startup_stm32f10x_md_vl.o
_fini                                             /opt/Atollic_TrueSTUDIO_for_STM32_x86_64_9.3.0/ARMTools/bin/../lib/gcc/arm-atollic-eabi/6.3.1/armv7-m/crti.o
_init                                             /opt/Atollic_TrueSTUDIO_for_STM32_x86_64_9.3.0/ARMTools/bin/../lib/gcc/arm-atollic-eabi/6.3.1/armv7-m/crti.o
                                                  /opt/Atollic_TrueSTUDIO_for_STM32_x86_64_9.3.0/ARMTools/bin/../lib/gcc/arm-atollic-eabi/6.3.1/../../../../arm-atollic-eabi/lib/armv7-m/libc_nano.a(lib_a-init.o)
_sbss                                             src/startup_stm32f10x_md_vl.o
_sdata                                            src/startup_stm32f10x_md_vl.o
_sidata                                           src/startup_stm32f10x_md_vl.o
_write                                            /opt/Atollic_TrueSTUDIO_for_STM32_x86_64_9.3.0/ARMTools/bin/../lib/gcc/arm-atollic-eabi/6.3.1/../../../../arm-atollic-eabi/lib/armv7-m/libnosys.a(write.o)
                                                  src/tiny_printf.o
errno                                             /opt/Atollic_TrueSTUDIO_for_STM32_x86_64_9.3.0/ARMTools/bin/../lib/gcc/arm-atollic-eabi/6.3.1/../../../../arm-atollic-eabi/lib/armv7-m/libnosys.a(errno.o)
                                                  /opt/Atollic_TrueSTUDIO_for_STM32_x86_64_9.3.0/ARMTools/bin/../lib/gcc/arm-atollic-eabi/6.3.1/../../../../arm-atollic-eabi/lib/armv7-m/libnosys.a(write.o)
fiprintf                                          src/tiny_printf.o
fprintf                                           src/tiny_printf.o
fputs                                             src/tiny_printf.o
fwrite                                            src/tiny_printf.o
g_pfnVectors                                      src/startup_stm32f10x_md_vl.o
initADC1                                          src/init.o
                                                  src/main.o
initComRCC                                        src/init.o
                                                  src/main.o
initGPIO                                          src/init.o
                                                  src/main.o
initIRPT                                          src/init.o
                                                  src/main.o
initTIM15                                         src/init.o
                                                  src/main.o
initTIM3                                          src/init.o
                                                  src/main.o
iprintf                                           src/tiny_printf.o
main                                              src/main.o
                                                  src/startup_stm32f10x_md_vl.o
printf                                            src/tiny_printf.o
puts                                              src/tiny_printf.o
siprintf                                          src/tiny_printf.o
sprintf                                           src/tiny_printf.o
strlen                                            /opt/Atollic_TrueSTUDIO_for_STM32_x86_64_9.3.0/ARMTools/bin/../lib/gcc/arm-atollic-eabi/6.3.1/../../../../arm-atollic-eabi/lib/armv7-m/libc_nano.a(lib_a-strlen.o)
                                                  src/tiny_printf.o
ts_formatlength                                   src/tiny_printf.o
ts_formatstring                                   src/tiny_printf.o
ts_itoa                                           src/tiny_printf.o
